Component: ARM Compiler 5.06 update 6 (build 750) Tool: armlink [4d35ed]

==============================================================================

Section Cross References

    main.o(.text) refers to delay.o(.text) for delay_init
    main.o(.text) refers to misc.o(.text) for NVIC_PriorityGroupConfig
    main.o(.text) refers to usart.o(.text) for uart_init
    main.o(.text) refers to led.o(.text) for LED_Init
    main.o(.text) refers to beep.o(.text) for BEEP_Init
    main.o(.text) refers to hcsr04.o(.text) for hcsr04_Init
    main.o(.text) refers to rc.o(.text) for PPM_Init
    main.o(.text) refers to bsp_motor_tim4.o(.text) for PWM_Init
    main.o(.text) refers to iic_mpu6050.o(.text) for MPU6050_Init
    main.o(.text) refers to struct_all.o(.text) for PID_Reset
    main.o(.text) refers to heart.o(.text) for HEART_Init
    main.o(.text) refers to control.o(.text) for Control_Gyro
    main.o(.text) refers to protocol.o(.text) for Report_FlyCtrl
    main.o(.text) refers to heart.o(.data) for Count_1ms
    main.o(.text) refers to struct_all.o(.data) for Rc_LOCK
    main.o(.text) refers to rc.o(.bss) for PPM_Databuf
    system_stm32f10x.o(.text) refers to system_stm32f10x.o(.data) for SystemCoreClock
    led.o(.text) refers to stm32f10x_rcc.o(.text) for RCC_APB2PeriphClockCmd
    led.o(.text) refers to stm32f10x_gpio.o(.text) for GPIO_Init
    beep.o(.text) refers to stm32f10x_rcc.o(.text) for RCC_APB2PeriphClockCmd
    beep.o(.text) refers to stm32f10x_gpio.o(.text) for GPIO_Init
    heart.o(.text) refers to stm32f10x_rcc.o(.text) for RCC_APB1PeriphClockCmd
    heart.o(.text) refers to stm32f10x_tim.o(.text) for TIM_DeInit
    heart.o(.text) refers to misc.o(.text) for NVIC_Init
    heart.o(.text) refers to heart.o(.data) for Count_1ms
    rc.o(.text) refers to stm32f10x_gpio.o(.text) for GPIO_Init
    rc.o(.text) refers to stm32f10x_rcc.o(.text) for RCC_APB1PeriphClockCmd
    rc.o(.text) refers to stm32f10x_tim.o(.text) for TIM_TimeBaseInit
    rc.o(.text) refers to misc.o(.text) for NVIC_Init
    rc.o(.text) refers to rc.o(.data) for TIM2_CH2_CAPTURE_STA
    rc.o(.text) refers to rc.o(.bss) for PPM_Databuf
    rc.o(.text) refers to struct_all.o(.bss) for Rc
    rc.o(.text) refers to struct_all.o(.data) for Rc_LOCK
    bsp_motor_tim4.o(.text) refers to stm32f10x_rcc.o(.text) for RCC_APB2PeriphClockCmd
    bsp_motor_tim4.o(.text) refers to stm32f10x_gpio.o(.text) for GPIO_Init
    bsp_motor_tim4.o(.text) refers to stm32f10x_tim.o(.text) for TIM_TimeBaseInit
    control.o(.text) refers to fflt_clz.o(x$fpl$ffltu) for __aeabi_ui2f
    control.o(.text) refers to faddsub_clz.o(x$fpl$fsub) for __aeabi_fsub
    control.o(.text) refers to frleqf.o(x$fpl$frleqf) for __aeabi_cfrcmple
    control.o(.text) refers to faddsub_clz.o(x$fpl$fadd) for __aeabi_fadd
    control.o(.text) refers to fmul.o(x$fpl$fmul) for __aeabi_fmul
    control.o(.text) refers to ffix.o(x$fpl$ffix) for __aeabi_f2iz
    control.o(.text) refers to fflt_clz.o(x$fpl$fflt) for __aeabi_i2f
    control.o(.text) refers to fdiv.o(x$fpl$fdiv) for __aeabi_fdiv
    control.o(.text) refers to ffixu.o(x$fpl$ffixu) for __aeabi_f2uiz
    control.o(.text) refers to bsp_motor_tim4.o(.text) for MOT_Control
    control.o(.text) refers to struct_all.o(.bss) for Rc
    struct_all.o(.text) refers to struct_all.o(.bss) for gyro_roll
    inv_mpu.o(.text) refers to _printf_pad.o(.text) for _printf_pre_padding
    inv_mpu.o(.text) refers to _printf_percent.o(.ARM.Collect$$_printf_percent$$00000000) for _printf_percent
    inv_mpu.o(.text) refers to _printf_x.o(.ARM.Collect$$_printf_percent$$0000000C) for _printf_x
    inv_mpu.o(.text) refers to _printf_hex_int.o(.text) for _printf_longlong_hex
    inv_mpu.o(.text) refers to _printf_d.o(.ARM.Collect$$_printf_percent$$00000009) for _printf_d
    inv_mpu.o(.text) refers to _printf_dec.o(.text) for _printf_int_dec
    inv_mpu.o(.text) refers to iic_mpu6050.o(.text) for MPU_Write_Len
    inv_mpu.o(.text) refers to noretval__2printf.o(.text) for __2printf
    inv_mpu.o(.text) refers to delay.o(.text) for delay_ms
    inv_mpu.o(.text) refers to inv_mpu.o(.data) for st
    inv_mpu.o(.text) refers to fflt_clz.o(x$fpl$ffltu) for __aeabi_ui2f
    inv_mpu.o(.text) refers to fflt_clz.o(x$fpl$fflt) for __aeabi_i2f
    inv_mpu.o(.text) refers to faddsub_clz.o(x$fpl$fsub) for __aeabi_fsub
    inv_mpu.o(.text) refers to fdiv.o(x$fpl$fdiv) for __aeabi_fdiv
    inv_mpu.o(.text) refers to faddsub_clz.o(x$fpl$fadd) for __aeabi_fadd
    inv_mpu.o(.text) refers to fmul.o(x$fpl$fmul) for __aeabi_fmul
    inv_mpu.o(.text) refers to ffix.o(x$fpl$ffix) for __aeabi_f2iz
    inv_mpu.o(.text) refers to inv_mpu.o(.conststring) for .conststring
    inv_mpu.o(.text) refers to feqf.o(x$fpl$feqf) for __aeabi_cfcmpeq
    inv_mpu.o(.text) refers to frleqf.o(x$fpl$frleqf) for __aeabi_cfrcmple
    inv_mpu.o(.text) refers to fleqf.o(x$fpl$fleqf) for __aeabi_cfcmple
    inv_mpu.o(.text) refers to inv_mpu.o(.constdata) for test
[...]
    .constdata                               0x08008764   Section     3062  inv_mpu_dmp_motion_driver.o(.constdata)
    dmp_memory                               0x08008764   Data        3062  inv_mpu_dmp_motion_driver.o(.constdata)
    .constdata                               0x0800935a   Section       40  _printf_hex_int.o(.constdata)
    uc_hextab                                0x0800935a   Data          20  _printf_hex_int.o(.constdata)
    lc_hextab                                0x0800936e   Data          20  _printf_hex_int.o(.constdata)
    .constdata                               0x08009382   Section       17  __printf_flags_wp.o(.constdata)
    maptable                                 0x08009382   Data          17  __printf_flags_wp.o(.constdata)
    .constdata                               0x08009398   Section       80  asin.o(.constdata)
    pS                                       0x08009398   Data          48  asin.o(.constdata)
    qS                                       0x080093c8   Data          32  asin.o(.constdata)
    .constdata                               0x080093e8   Section      152  atan.o(.constdata)
    atanhi                                   0x080093e8   Data          32  atan.o(.constdata)
    atanlo                                   0x08009408   Data          32  atan.o(.constdata)
    aTodd                                    0x08009428   Data          40  atan.o(.constdata)
    aTeven                                   0x08009450   Data          48  atan.o(.constdata)
    .constdata                               0x08009480   Section        8  qnan.o(.constdata)
    .conststring                             0x08009488   Section       77  inv_mpu.o(.conststring)
    .data                                    0x20000000   Section       20  system_stm32f10x.o(.data)
    .data                                    0x20000014   Section        6  heart.o(.data)
    .data                                    0x2000001c   Section       11  rc.o(.data)
    .data                                    0x20000028   Section       38  struct_all.o(.data)
    .data                                    0x20000050   Section       53  inv_mpu.o(.data)
    st                                       0x20000050   Data          44  inv_mpu.o(.data)
    gyro_orientation                         0x2000007c   Data           9  inv_mpu.o(.data)
    .data                                    0x20000086   Section        4  hcsr04.o(.data)
    .data                                    0x2000008a   Section        4  delay.o(.data)
    fac_us                                   0x2000008a   Data           1  delay.o(.data)
    fac_ms                                   0x2000008c   Data           2  delay.o(.data)
    .data                                    0x20000090   Section        8  usart.o(.data)
    .data                                    0x20000098   Section       20  stm32f10x_rcc.o(.data)
    APBAHBPrescTable                         0x20000098   Data          16  stm32f10x_rcc.o(.data)
    ADCPrescTable                            0x200000a8   Data           4  stm32f10x_rcc.o(.data)
    .bss                                     0x200000ac   Section       16  rc.o(.bss)
    .bss                                     0x200000bc   Section      252  struct_all.o(.bss)
    .bss                                     0x200001b8   Section       16  inv_mpu_dmp_motion_driver.o(.bss)
    dmp                                      0x200001b8   Data          16  inv_mpu_dmp_motion_driver.o(.bss)
    .bss                                     0x200001c8   Section      200  usart.o(.bss)
    .bss                                     0x20000290   Section       96  libspace.o(.bss)
    HEAP                                     0x200002f0   Section      512  startup_stm32f10x_hd.o(HEAP)
    Heap_Mem                                 0x200002f0   Data         512  startup_stm32f10x_hd.o(HEAP)
    STACK                                    0x200004f0   Section     1024  startup_stm32f10x_hd.o(STACK)
    Stack_Mem                                0x200004f0   Data        1024  startup_stm32f10x_hd.o(STACK)
    __initial_sp                             0x200008f0   Data           0  startup_stm32f10x_hd.o(STACK)

    Global Symbols

    Symbol Name                              Value     Ov Type        Size  Object(Section)

    BuildAttributes$$THM_ISAv4$P$D$K$B$S$PE$A:L22UL41UL21$X:L11$S22US41US21$IEEE1$IW$USESV6$~STKCKD$USESV7$~SHL$OTIME$ROPI$IEEEX$EBA8$UX$STANDARDLIB$REQ8$PRES8$EABIv2 0x00000000   Number         0  anon$$obj.o ABSOLUTE
    __ARM_use_no_argv                        0x00000000   Number         0  main.o ABSOLUTE
    _printf_flags                            0x00000000   Number         0  printf_stubs.o ABSOLUTE
    _printf_return_value                     0x00000000   Number         0  printf_stubs.o ABSOLUTE
    _printf_sizespec                         0x00000000   Number         0  printf_stubs.o ABSOLUTE
    _printf_widthprec                        0x00000000   Number         0  printf_stubs.o ABSOLUTE
    __ARM_exceptions_init                     - Undefined Weak Reference
    __alloca_initialize                       - Undefined Weak Reference
    __arm_preinit_                            - Undefined Weak Reference
    __cpp_initialize__aeabi_                  - Undefined Weak Reference
    __cxa_finalize                            - Undefined Weak Reference
    __rt_locale                               - Undefined Weak Reference
    __sigvec_lookup                           - Undefined Weak Reference
    _atexit_init                              - Undefined Weak Reference
    _call_atexit_fns                          - Undefined Weak Reference
    _clock_init                               - Undefined Weak Reference
    _fp_trap_init                             - Undefined Weak Reference
    _fp_trap_shutdown                         - Undefined Weak Reference
    _get_lc_collate                           - Undefined Weak Reference
    _get_lc_ctype                             - Undefined Weak Reference
    _get_lc_monetary                          - Undefined Weak Reference
    _get_lc_numeric                           - Undefined Weak Reference
    _get_lc_time                              - Undefined Weak Reference
    _getenv_init                              - Undefined Weak Reference
    _handle_redirection                       - Undefined Weak Reference
    _init_alloc                               - Undefined Weak Reference
    _init_user_alloc                          - Undefined Weak Reference
    _initio                                   - Undefined Weak Reference
    _mutex_acquire                            - Undefined Weak Reference
    _mutex_release                            - Undefined Weak Reference
    _printf_truncate_signed                   - Undefined Weak Reference
    _printf_truncate_unsigned                 - Undefined Weak Reference
    _rand_init                                - Undefined Weak Reference
    _signal_finish                            - Undefined Weak Reference
    _signal_init                              - Undefined Weak Reference
    _terminate_alloc                          - Undefined Weak Reference
    _terminate_user_alloc                     - Undefined Weak Reference
    _terminateio                              - Undefined Weak Reference
    __Vectors_Size                           0x00000130   Number         0  startup_stm32f10x_hd.o ABSOLUTE
    __Vectors                                0x08000000   Data           4  startup_stm32f10x_hd.o(RESET)
    __Vectors_End                            0x08000130   Data           0  startup_stm32f10x_hd.o(RESET)
    __main                                   0x08000131   Thumb Code     8  __main.o(!!!main)
    __scatterload                            0x08000139   Thumb Code     0  __scatter.o(!!!scatter)
    __scatterload_rt2                        0x08000139   Thumb Code    44  __scatter.o(!!!scatter)
    __scatterload_rt2_thumb_only             0x08000139   Thumb Code     0  __scatter.o(!!!scatter)
    __scatterload_null                       0x08000147   Thumb Code     0  __scatter.o(!!!scatter)
    __scatterload_copy                       0x0800016d   Thumb Code    26  __scatter_copy.o(!!handler_copy)
    __scatterload_zeroinit                   0x08000189   Thumb Code    28  __scatter_zi.o(!!handler_zi)
    _printf_d                                0x080001a5   Thumb Code     0  _printf_d.o(.ARM.Collect$$_printf_percent$$00000009)
    _printf_percent                          0x080001a5   Thumb Code     0  _printf_percent.o(.ARM.Collect$$_printf_percent$$00000000)
    _printf_x                                0x080001ab   Thumb Code     0  _printf_x.o(.ARM.Collect$$_printf_percent$$0000000C)
    _printf_percent_end                      0x080001b1   Thumb Code     0  _printf_percent_end.o(.ARM.Collect$$_printf_percent$$00000017)
    __rt_lib_init                            0x080001b5   Thumb Code     0  libinit.o(.ARM.Collect$$libinit$$00000000)
    __rt_lib_init_alloca_1                   0x080001b7   Thumb Code     0  libinit2.o(.ARM.Collect$$libinit$$0000002E)
    __rt_lib_init_argv_1                     0x080001b7   Thumb Code     0  libinit2.o(.ARM.Collect$$libinit$$0000002C)
    __rt_lib_init_atexit_1                   0x080001b7   Thumb Code     0  libinit2.o(.ARM.Collect$$libinit$$0000001B)
    __rt_lib_init_clock_1                    0x080001b7   Thumb Code     0  libinit2.o(.ARM.Collect$$libinit$$00000021)
    __rt_lib_init_cpp_1                      0x080001b7   Thumb Code     0  libinit2.o(.ARM.Collect$$libinit$$00000032)
    __rt_lib_init_exceptions_1               0x080001b7   Thumb Code     0  libinit2.o(.ARM.Collect$$libinit$$00000030)
    __rt_lib_init_fp_1                       0x080001b7   Thumb Code     0  libinit2.o(.ARM.Collect$$libinit$$00000002)
    __rt_lib_init_fp_trap_1                  0x080001b7   Thumb Code     0  libinit2.o(.ARM.Collect$$libinit$$0000001F)
    __rt_lib_init_getenv_1                   0x080001b7   Thumb Code     0  libinit2.o(.ARM.Collect$$libinit$$00000023)
    __rt_lib_init_heap_1                     0x080001b7   Thumb Code     0  libinit2.o(.ARM.Collect$$libinit$$0000000A)
    __rt_lib_init_lc_collate_1               0x080001b7   Thumb Code     0  libinit2.o(.ARM.Collect$$libinit$$00000011)
    __rt_lib_init_lc_ctype_1                 0x080001b7   Thumb Code     0  libinit2.o(.ARM.Collect$$libinit$$00000013)
    __rt_lib_init_lc_monetary_1              0x080001b7   Thumb Code     0  libinit2.o(.ARM.Collect$$libinit$$00000015)
    __rt_lib_init_lc_numeric_1               0x080001b7   Thumb Code     0  libinit2.o(.ARM.Collect$$libinit$$00000017)
    __rt_lib_init_lc_time_1                  0x080001b7   Thumb Code     0  libinit2.o(.ARM.Collect$$libinit$$00000019)
    __rt_lib_init_preinit_1                  0x080001b7   Thumb Code     0  libinit2.o(.ARM.Collect$$libinit$$00000004)
    __rt_lib_init_rand_1                     0x080001b7   Thumb Code     0  libinit2.o(.ARM.Collect$$libinit$$0000000E)
    __rt_lib_init_return                     0x080001b7   Thumb Code     0  libinit2.o(.ARM.Collect$$libinit$$00000033)
    __rt_lib_init_signal_1                   0x080001b7   Thumb Code     0  libinit2.o(.ARM.Collect$$libinit$$0000001D)
    __rt_lib_init_stdio_1                    0x080001b7   Thumb Code     0  libinit2.o(.ARM.Collect$$libinit$$00000025)
    __rt_lib_init_user_alloc_1               0x080001b7   Thumb Code     0  libinit2.o(.ARM.Collect$$libinit$$0000000C)
    __rt_lib_shutdown                        0x080001b9   Thumb Code     0  libshutdown.o(.ARM.Collect$$libshutdown$$00000000)
    __rt_lib_shutdown_cpp_1                  0x080001bb   Thumb Code     0  libshutdown2.o(.ARM.Collect$$libshutdown$$00000002)
    __rt_lib_shutdown_fp_trap_1              0x080001bb   Thumb Code     0  libshutdown2.o(.ARM.Collect$$libshutdown$$00000007)
    __rt_lib_shutdown_heap_1                 0x080001bb   Thumb Code     0  libshutdown2.o(.ARM.Collect$$libshutdown$$0000000F)
    __rt_lib_shutdown_return                 0x080001bb   Thumb Code     0  libshutdown2.o(.ARM.Collect$$libshutdown$$00000010)
    __rt_lib_shutdown_signal_1               0x080001bb   Thumb Code     0  libshutdown2.o(.ARM.Collect$$libshutdown$$0000000A)
    __rt_lib_shutdown_stdio_1                0x080001bb   Thumb Code     0  libshutdown2.o(.ARM.Collect$$libshutdown$$00000004)
    __rt_lib_shutdown_user_alloc_1           0x080001bb   Thumb Code     0  libshutdown2.o(.ARM.Collect$$libshutdown$$0000000C)
    __rt_entry                               0x080001bd   Thumb Code     0  __rtentry.o(.ARM.Collect$$rtentry$$00000000)
    __rt_entry_presh_1                       0x080001bd   Thumb Code     0  __rtentry2.o(.ARM.Collect$$rtentry$$00000002)
    __rt_entry_sh                            0x080001bd   Thumb Code     0  __rtentry4.o(.ARM.Collect$$rtentry$$00000004)
    __rt_entry_li                            0x080001c3   Thumb Code     0  __rtentry2.o(.ARM.Collect$$rtentry$$0000000A)
    __rt_entry_postsh_1                      0x080001c3   Thumb Code     0  __rtentry2.o(.ARM.Collect$$rtentry$$00000009)
    __rt_entry_main                          0x080001c7   Thumb Code     0  __rtentry2.o(.ARM.Collect$$rtentry$$0000000D)
    __rt_entry_postli_1                      0x080001c7   Thumb Code     0  __rtentry2.o(.ARM.Collect$$rtentry$$0000000C)
    __rt_exit                                0x080001cf   Thumb Code     0  rtexit.o(.ARM.Collect$$rtexit$$00000000)
    __rt_exit_ls                             0x080001d1   Thumb Code     0  rtexit2.o(.ARM.Collect$$rtexit$$00000003)
    __rt_exit_prels_1                        0x080001d1   Thumb Code     0  rtexit2.o(.ARM.Collect$$rtexit$$00000002)
    __rt_exit_exit                           0x080001d5   Thumb Code     0  rtexit2.o(.ARM.Collect$$rtexit$$00000004)
    main                                     0x080001dd   Thumb Code   180  main.o(.text)
    NMI_Handler                              0x080002b9   Thumb Code     2  stm32f10x_it.o(.text)
    HardFault_Handler                        0x080002bb   Thumb Code     4  stm32f10x_it.o(.text)
    MemManage_Handler                        0x080002bf   Thumb Code     4  stm32f10x_it.o(.text)
    BusFault_Handler                         0x080002c3   Thumb Code     4  stm32f10x_it.o(.text)
    UsageFault_Handler                       0x080002c7   Thumb Code     4  stm32f10x_it.o(.text)
    SVC_Handler                              0x080002cb   Thumb Code     2  stm32f10x_it.o(.text)
    DebugMon_Handler                         0x080002cd   Thumb Code     2  stm32f10x_it.o(.text)
    PendSV_Handler                           0x080002cf   Thumb Code     2  stm32f10x_it.o(.text)
    SysTick_Handler                          0x080002d1   Thumb Code     2  stm32f10x_it.o(.text)
    SystemInit                               0x080003b3   Thumb Code    78  system_stm32f10x.o(.text)
    SystemCoreClockUpdate                    0x08000401   Thumb Code   142  system_stm32f10x.o(.text)
    LED_Init                                 0x080004b5   Thumb Code    68  led.o(.text)
    BEEP_Init                                0x08000501   Thumb Code    50  beep.o(.text)
    HEART_Init                               0x08000539   Thumb Code   104  heart.o(.text)
    TIM7_IRQHandler                          0x080005a1   Thumb Code    72  heart.o(.text)
    PPM_Init                                 0x08000601   Thumb Code   164  rc.o(.text)
    TIM2_IRQHandler                          0x080006a5   Thumb Code   180  rc.o(.text)
    PPM_DataArrange                          0x08000797   Thumb Code    46  rc.o(.text)
    Lock_Rep_Ctrl                            0x080007c5   Thumb Code    54  rc.o(.text)
    PWM_TIM_GPIO_Config                      0x08000821   Thumb Code    80  bsp_motor_tim4.o(.text)
    PWM_OC_Config                            0x08000871   Thumb Code   106  bsp_motor_tim4.o(.text)
    PWM_Init                                 0x080008db   Thumb Code    12  bsp_motor_tim4.o(.text)
    MOT_Control                              0x080008e7   Thumb Code   102  bsp_motor_tim4.o(.text)
    PID_Control                              0x08000955   Thumb Code   202  control.o(.text)
    Control_Angle                            0x08000a6d   Thumb Code   148  control.o(.text)
    Control_Gyro                             0x08000b01   Thumb Code   220  control.o(.text)
    PID_Reset                                0x08000c1d   Thumb Code    44  struct_all.o(.text)
    mpu_reg_dump                             0x08000cdf   Thumb Code    84  inv_mpu.o(.text)
    mpu_read_reg                             0x08000d33   Thumb Code    66  inv_mpu.o(.text)
    mpu_set_int_latched                      0x08000d75   Thumb Code   102  inv_mpu.o(.text)
    mpu_set_sensors                          0x08000ddb   Thumb Code   202  inv_mpu.o(.text)
    mpu_set_bypass                           0x08000ea5   Thumb Code   328  inv_mpu.o(.text)
    mpu_reset_fifo                           0x08000fed   Thumb Code   472  inv_mpu.o(.text)
    mpu_configure_fifo                       0x080011c5   Thumb Code   106  inv_mpu.o(.text)
    mpu_set_lpf                              0x0800122f   Thumb Code   126  inv_mpu.o(.text)
    mpu_lp_accel_mode                        0x080012ad   Thumb Code   218  inv_mpu.o(.text)
    mpu_set_sample_rate                      0x08001387   Thumb Code   152  inv_mpu.o(.text)
    mpu_set_accel_fsr                        0x0800141f   Thumb Code   132  inv_mpu.o(.text)
    mpu_set_gyro_fsr                         0x080014a3   Thumb Code   132  inv_mpu.o(.text)
    mpu_init                                 0x08001527   Thumb Code   416  inv_mpu.o(.text)
    mget_ms                                  0x080016c7   Thumb Code     2  inv_mpu.o(.text)
    mpu_get_gyro_reg                         0x080016c9   Thumb Code   110  inv_mpu.o(.text)
    mpu_get_accel_reg                        0x08001737   Thumb Code   110  inv_mpu.o(.text)
    mpu_get_temperature                      0x080017a5   Thumb Code   150  inv_mpu.o(.text)
    mpu_set_accel_bias                       0x0800183b   Thumb Code   468  inv_mpu.o(.text)
    mpu_get_gyro_fsr                         0x08001a0f   Thumb Code    64  inv_mpu.o(.text)
    mpu_get_accel_fsr                        0x08001a4f   Thumb Code    72  inv_mpu.o(.text)
    mpu_get_lpf                              0x08001a97   Thumb Code    74  inv_mpu.o(.text)
    mpu_get_sample_rate                      0x08001ae1   Thumb Code    26  inv_mpu.o(.text)
    mpu_get_compass_sample_rate              0x08001afb   Thumb Code    10  inv_mpu.o(.text)
    mpu_set_compass_sample_rate              0x08001b05   Thumb Code     8  inv_mpu.o(.text)
    mpu_get_gyro_sens                        0x08001b0d   Thumb Code    58  inv_mpu.o(.text)
    mpu_get_accel_sens                       0x08001b47   Thumb Code    78  inv_mpu.o(.text)
    mpu_get_fifo_config                      0x08001b95   Thumb Code    12  inv_mpu.o(.text)
    mpu_get_power_state                      0x08001ba1   Thumb Code    22  inv_mpu.o(.text)
    mpu_get_int_status                       0x08001bb7   Thumb Code    64  inv_mpu.o(.text)
    mpu_read_fifo                            0x08001bf7   Thumb Code   520  inv_mpu.o(.text)
    mpu_read_fifo_stream                     0x08001dff   Thumb Code   186  inv_mpu.o(.text)
    mpu_set_int_level                        0x08001eb9   Thumb Code    12  inv_mpu.o(.text)
    mpu_set_dmp_state                        0x08002599   Thumb Code   138  inv_mpu.o(.text)
    mpu_run_self_test                        0x08002623   Thumb Code   278  inv_mpu.o(.text)
    mpu_write_mem                            0x08002739   Thumb Code   122  inv_mpu.o(.text)
    mpu_read_mem                             0x080027b3   Thumb Code   122  inv_mpu.o(.text)
    mpu_load_firmware                        0x0800282d   Thumb Code   190  inv_mpu.o(.text)
    mpu_get_dmp_state                        0x080028eb   Thumb Code    14  inv_mpu.o(.text)
    setup_compass                            0x080028f9   Thumb Code     6  inv_mpu.o(.text)
    mpu_get_compass_reg                      0x080028ff   Thumb Code     8  inv_mpu.o(.text)
    mpu_get_compass_fsr                      0x08002907   Thumb Code     8  inv_mpu.o(.text)
    mpu_lp_motion_interrupt                  0x0800290f   Thumb Code   512  inv_mpu.o(.text)
    run_self_test                            0x08002b0f   Thumb Code   148  inv_mpu.o(.text)
    inv_row_2_scale                          0x08002ba3   Thumb Code    78  inv_mpu.o(.text)
    inv_orientation_matrix_to_scalar         0x08002bf1   Thumb Code    40  inv_mpu.o(.text)
    mpu_dmp_init                             0x08002c19   Thumb Code   154  inv_mpu.o(.text)
    mpu_dmp_get_data                         0x08002cb3   Thumb Code   586  inv_mpu.o(.text)
    dmp_load_motion_driver_firmware          0x08002f0d   Thumb Code    20  inv_mpu_dmp_motion_driver.o(.text)
    dmp_set_orientation                      0x08002f21   Thumb Code   290  inv_mpu_dmp_motion_driver.o(.text)
    dmp_set_gyro_bias                        0x08003043   Thumb Code   294  inv_mpu_dmp_motion_driver.o(.text)
    dmp_set_accel_bias                       0x08003169   Thumb Code   300  inv_mpu_dmp_motion_driver.o(.text)
    dmp_set_fifo_rate                        0x08003295   Thumb Code   136  inv_mpu_dmp_motion_driver.o(.text)
    dmp_get_fifo_rate                        0x0800331d   Thumb Code    12  inv_mpu_dmp_motion_driver.o(.text)
    dmp_set_tap_thresh                       0x08003329   Thumb Code   396  inv_mpu_dmp_motion_driver.o(.text)
    dmp_set_tap_axes                         0x080034b5   Thumb Code    70  inv_mpu_dmp_motion_driver.o(.text)
    dmp_set_tap_count                        0x080034fb   Thumb Code    38  inv_mpu_dmp_motion_driver.o(.text)
    dmp_set_tap_time                         0x08003521   Thumb Code    38  inv_mpu_dmp_motion_driver.o(.text)
    dmp_set_tap_time_multi                   0x08003547   Thumb Code    38  inv_mpu_dmp_motion_driver.o(.text)
    dmp_set_shake_reject_thresh              0x0800356d   Thumb Code    56  inv_mpu_dmp_motion_driver.o(.text)
    dmp_set_shake_reject_time                0x080035a5   Thumb Code    38  inv_mpu_dmp_motion_driver.o(.text)
    dmp_set_shake_reject_timeout             0x080035cb   Thumb Code    38  inv_mpu_dmp_motion_driver.o(.text)
    dmp_get_pedometer_step_count             0x080035f1   Thumb Code    66  inv_mpu_dmp_motion_driver.o(.text)
    dmp_set_pedometer_step_count             0x08003633   Thumb Code    42  inv_mpu_dmp_motion_driver.o(.text)
    dmp_get_pedometer_walk_time              0x0800365d   Thumb Code    72  inv_mpu_dmp_motion_driver.o(.text)
    dmp_set_pedometer_walk_time              0x080036a5   Thumb Code    48  inv_mpu_dmp_motion_driver.o(.text)
    dmp_enable_6x_lp_quat                    0x080036d5   Thumb Code    84  inv_mpu_dmp_motion_driver.o(.text)
    dmp_enable_lp_quat                       0x08003729   Thumb Code    60  inv_mpu_dmp_motion_driver.o(.text)
    dmp_enable_gyro_cal                      0x08003765   Thumb Code    62  inv_mpu_dmp_motion_driver.o(.text)
    dmp_enable_feature                       0x080037a3   Thumb Code   530  inv_mpu_dmp_motion_driver.o(.text)
    dmp_get_enabled_features                 0x080039b5   Thumb Code    12  inv_mpu_dmp_motion_driver.o(.text)
    dmp_set_interrupt_mode                   0x08003a1f   Thumb Code    66  inv_mpu_dmp_motion_driver.o(.text)
    dmp_read_fifo                            0x08003a61   Thumb Code   514  inv_mpu_dmp_motion_driver.o(.text)
    dmp_register_tap_cb                      0x08003c63   Thumb Code    10  inv_mpu_dmp_motion_driver.o(.text)
    dmp_register_android_orient_cb           0x08003c6d   Thumb Code    10  inv_mpu_dmp_motion_driver.o(.text)
    usart1_send_char                         0x08003c7d   Thumb Code    28  protocol.o(.text)
    usart1_niming_report                     0x08003c99   Thumb Code   126  protocol.o(.text)
    mpu6050_send_data                        0x08003d17   Thumb Code   110  protocol.o(.text)
    usart1_report_imu                        0x08003d85   Thumb Code   174  protocol.o(.text)
    usart1_report_pid                        0x08003e33   Thumb Code   180  protocol.o(.text)
    usart1_report_rc                         0x08003ee7   Thumb Code   254  protocol.o(.text)
    usart1_report_offset                     0x08003fe5   Thumb Code   132  protocol.o(.text)
    Report_FlyCtrl                           0x08004069   Thumb Code   388  protocol.o(.text)
    MPU_Init                                 0x0800420d   Thumb Code    54  iic_mpu6050.o(.text)
    MPU6050_Init                             0x08004243   Thumb Code    34  iic_mpu6050.o(.text)
    Get_Radian                               0x08004265   Thumb Code    62  iic_mpu6050.o(.text)
    MPU_GetData                              0x080042a3   Thumb Code    18  iic_mpu6050.o(.text)
    MPU_IIC_Delay                            0x080042b5   Thumb Code    10  iic_mpu6050.o(.text)
    MPU_IIC_Init                             0x080042bf   Thumb Code    50  iic_mpu6050.o(.text)
    MPU_IIC_Start                            0x080042f1   Thumb Code    68  iic_mpu6050.o(.text)
    MPU_IIC_Stop                             0x08004335   Thumb Code    66  iic_mpu6050.o(.text)
    MPU_IIC_Wait_Ack                         0x08004377   Thumb Code    92  iic_mpu6050.o(.text)
    MPU_IIC_Ack                              0x080043d3   Thumb Code    70  iic_mpu6050.o(.text)
    MPU_IIC_NAck                             0x08004419   Thumb Code    70  iic_mpu6050.o(.text)
    MPU_IIC_Send_Byte                        0x0800445f   Thumb Code    88  iic_mpu6050.o(.text)
    MPU_IIC_Read_Byte                        0x080044b7   Thumb Code   100  iic_mpu6050.o(.text)
    MPU_Write_Byte                           0x0800451b   Thumb Code    68  iic_mpu6050.o(.text)
    MPU_Read_Byte                            0x0800455f   Thumb Code    58  iic_mpu6050.o(.text)
    MPU_Write_Len                            0x08004599   Thumb Code    96  iic_mpu6050.o(.text)
    MPU_Read_Len                             0x080045f9   Thumb Code   152  iic_mpu6050.o(.text)
    MPU_Set_Gyro_Fsr                         0x08004691   Thumb Code    16  iic_mpu6050.o(.text)
    MPU_Set_Accel_Fsr                        0x080046a1   Thumb Code    16  iic_mpu6050.o(.text)
    MPU_Set_LPF                              0x080046b1   Thumb Code    58  iic_mpu6050.o(.text)
    MPU_Set_Rate                             0x080046eb   Thumb Code    58  iic_mpu6050.o(.text)
    MPU_Get_Temperature                      0x08004725   Thumb Code    86  iic_mpu6050.o(.text)
    MPU_Get_Gyroscope                        0x0800477b   Thumb Code    80  iic_mpu6050.o(.text)
    MPU_Get_Accelerometer                    0x080047cb   Thumb Code    80  iic_mpu6050.o(.text)
    hcsr04_Init                              0x0800482d   Thumb Code   212  hcsr04.o(.text)
    TIM3_IRQHandler                          0x08004901   Thumb Code   178  hcsr04.o(.text)
    Get_Distance                             0x080049d1   Thumb Code   162  hcsr04.o(.text)
    delay_init                               0x08004a9d   Thumb Code    50  delay.o(.text)
    delay_us                                 0x08004acf   Thumb Code    72  delay.o(.text)
    delay_ms                                 0x08004b17   Thumb Code    72  delay.o(.text)
    uart_init                                0x08004b71   Thumb Code   152  usart.o(.text)
    USART1_IRQHandler                        0x08004c09   Thumb Code   122  usart.o(.text)
    _sys_exit                                0x08004c83   Thumb Code     4  usart.o(.text)
    fputc                                    0x08004c87   Thumb Code    24  usart.o(.text)
    Reset_Handler                            0x08004cb1   Thumb Code     8  startup_stm32f10x_hd.o(.text)
    ADC1_2_IRQHandler                        0x08004ccb   Thumb Code     0  startup_stm32f10x_hd.o(.text)
    ADC3_IRQHandler                          0x08004ccb   Thumb Code     0  startup_stm32f10x_hd.o(.text)
    CAN1_RX1_IRQHandler                      0x08004ccb   Thumb Code     0  startup_stm32f10x_hd.o(.text)
    CAN1_SCE_IRQHandler                      0x08004ccb   Thumb Code     0  startup_stm32f10x_hd.o(.text)
    DMA1_Channel1_IRQHandler                 0x08004ccb   Thumb Code     0  startup_stm32f10x_hd.o(.text)
    DMA1_Channel2_IRQHandler                 0x08004ccb   Thumb Code     0  startup_stm32f10x_hd.o(.text)
    DMA1_Channel3_IRQHandler                 0x08004ccb   Thumb Code     0  startup_stm32f10x_hd.o(.text)
    DMA1_Channel4_IRQHandler                 0x08004ccb   Thumb Code     0  startup_stm32f10x_hd.o(.text)
    DMA1_Channel5_IRQHandler                 0x08004ccb   Thumb Code     0  startup_stm32f10x_hd.o(.text)
    DMA1_Channel6_IRQHandler                 0x08004ccb   Thumb Code     0  startup_stm32f10x_hd.o(.text)
    DMA1_Channel7_IRQHandler                 0x08004ccb   Thumb Code     0  startup_stm32f10x_hd.o(.text)
    DMA2_Channel1_IRQHandler                 0x08004ccb   Thumb Code     0  startup_stm32f10x_hd.o(.text)
    DMA2_Channel2_IRQHandler                 0x08004ccb   Thumb Code     0  startup_stm32f10x_hd.o(.text)
    DMA2_Channel3_IRQHandler                 0x08004ccb   Thumb Code     0  startup_stm32f10x_hd.o(.text)
    DMA2_Channel4_5_IRQHandler               0x08004ccb   Thumb Code     0  startup_stm32f10x_hd.o(.text)
    EXTI0_IRQHandler                         0x08004ccb   Thumb Code     0  startup_stm32f10x_hd.o(.text)
    EXTI15_10_IRQHandler                     0x08004ccb   Thumb Code     0  startup_stm32f10x_hd.o(.text)
    EXTI1_IRQHandler                         0x08004ccb   Thumb Code     0  startup_stm32f10x_hd.o(.text)
    EXTI2_IRQHandler                         0x08004ccb   Thumb Code     0  startup_stm32f10x_hd.o(.text)
    EXTI3_IRQHandler                         0x08004ccb   Thumb Code     0  startup_stm32f10x_hd.o(.text)
    EXTI4_IRQHandler                         0x08004ccb   Thumb Code     0  startup_stm32f10x_hd.o(.text)
    EXTI9_5_IRQHandler                       0x08004ccb   Thumb Code     0  startup_stm32f10x_hd.o(.text)
    FLASH_IRQHandler                         0x08004ccb   Thumb Code     0  startup_stm32f10x_hd.o(.text)
    FSMC_IRQHandler                          0x08004ccb   Thumb Code     0  startup_stm32f10x_hd.o(.text)
    I2C1_ER_IRQHandler                       0x08004ccb   Thumb Code     0  startup_stm32f10x_hd.o(.text)
    I2C1_EV_IRQHandler                       0x08004ccb   Thumb Code     0  startup_stm32f10x_hd.o(.text)
    I2C2_ER_IRQHandler                       0x08004ccb   Thumb Code     0  startup_stm32f10x_hd.o(.text)
    I2C2_EV_IRQHandler                       0x08004ccb   Thumb Code     0  startup_stm32f10x_hd.o(.text)
    PVD_IRQHandler                           0x08004ccb   Thumb Code     0  startup_stm32f10x_hd.o(.text)
    RCC_IRQHandler                           0x08004ccb   Thumb Code     0  startup_stm32f10x_hd.o(.text)
    RTCAlarm_IRQHandler                      0x08004ccb   Thumb Code     0  startup_stm32f10x_hd.o(.text)
    RTC_IRQHandler                           0x08004ccb   Thumb Code     0  startup_stm32f10x_hd.o(.text)
    SDIO_IRQHandler                          0x08004ccb   Thumb Code     0  startup_stm32f10x_hd.o(.text)
    SPI1_IRQHandler                          0x08004ccb   Thumb Code     0  startup_stm32f10x_hd.o(.text)
    SPI2_IRQHandler                          0x08004ccb   Thumb Code     0  startup_stm32f10x_hd.o(.text)
    SPI3_IRQHandler                          0x08004ccb   Thumb Code     0  startup_stm32f10x_hd.o(.text)
    TAMPER_IRQHandler                        0x08004ccb   Thumb Code     0  startup_stm32f10x_hd.o(.text)
    TIM1_BRK_IRQHandler                      0x08004ccb   Thumb Code     0  startup_stm32f10x_hd.o(.text)
    TIM1_CC_IRQHandler                       0x08004ccb   Thumb Code     0  startup_stm32f10x_hd.o(.text)
    TIM1_TRG_COM_IRQHandler                  0x08004ccb   Thumb Code     0  startup_stm32f10x_hd.o(.text)
    TIM1_UP_IRQHandler                       0x08004ccb   Thumb Code     0  startup_stm32f10x_hd.o(.text)
    TIM4_IRQHandler                          0x08004ccb   Thumb Code     0  startup_stm32f10x_hd.o(.text)
    TIM5_IRQHandler                          0x08004ccb   Thumb Code     0  startup_stm32f10x_hd.o(.text)
    TIM6_IRQHandler                          0x08004ccb   Thumb Code     0  startup_stm32f10x_hd.o(.text)
    TIM8_BRK_IRQHandler                      0x08004ccb   Thumb Code     0  startup_stm32f10x_hd.o(.text)
    TIM8_CC_IRQHandler                       0x08004ccb   Thumb Code     0  startup_stm32f10x_hd.o(.text)
    TIM8_TRG_COM_IRQHandler                  0x08004ccb   Thumb Code     0  startup_stm32f10x_hd.o(.text)
    TIM8_UP_IRQHandler                       0x08004ccb   Thumb Code     0  startup_stm32f10x_hd.o(.text)
    UART4_IRQHandler                         0x08004ccb   Thumb Code     0  startup_stm32f10x_hd.o(.text)
    UART5_IRQHandler                         0x08004ccb   Thumb Code     0  startup_stm32f10x_hd.o(.text)
    USART2_IRQHandler                        0x08004ccb   Thumb Code     0  startup_stm32f10x_hd.o(.text)
    USART3_IRQHandler                        0x08004ccb   Thumb Code     0  startup_stm32f10x_hd.o(.text)
    USBWakeUp_IRQHandler                     0x08004ccb   Thumb Code     0  startup_stm32f10x_hd.o(.text)
    USB_HP_CAN1_TX_IRQHandler                0x08004ccb   Thumb Code     0  startup_stm32f10x_hd.o(.text)
    USB_LP_CAN1_RX0_IRQHandler               0x08004ccb   Thumb Code     0  startup_stm32f10x_hd.o(.text)
    WWDG_IRQHandler                          0x08004ccb   Thumb Code     0  startup_stm32f10x_hd.o(.text)
    __user_initial_stackheap                 0x08004ccd   Thumb Code     0  startup_stm32f10x_hd.o(.text)
    NVIC_PriorityGroupConfig                 0x08004cf1   Thumb Code    10  misc.o(.text)
    NVIC_Init                                0x08004cfb   Thumb Code   100  misc.o(.text)
    NVIC_SetVectorTable                      0x08004d5f   Thumb Code    14  misc.o(.text)
    NVIC_SystemLPConfig                      0x08004d6d   Thumb Code    34  misc.o(.text)
    SysTick_CLKSourceConfig                  0x08004d8f   Thumb Code    40  misc.o(.text)
    GPIO_DeInit                              0x08004dcd   Thumb Code   172  stm32f10x_gpio.o(.text)
    GPIO_AFIODeInit                          0x08004e79   Thumb Code    20  stm32f10x_gpio.o(.text)
    GPIO_Init                                0x08004e8d   Thumb Code   278  stm32f10x_gpio.o(.text)
    GPIO_StructInit                          0x08004fa3   Thumb Code    16  stm32f10x_gpio.o(.text)
    GPIO_ReadInputDataBit                    0x08004fb3   Thumb Code    18  stm32f10x_gpio.o(.text)
    GPIO_ReadInputData                       0x08004fc5   Thumb Code     8  stm32f10x_gpio.o(.text)
    GPIO_ReadOutputDataBit                   0x08004fcd   Thumb Code    18  stm32f10x_gpio.o(.text)
    GPIO_ReadOutputData                      0x08004fdf   Thumb Code     8  stm32f10x_gpio.o(.text)
    GPIO_SetBits                             0x08004fe7   Thumb Code     4  stm32f10x_gpio.o(.text)
    GPIO_ResetBits                           0x08004feb   Thumb Code     4  stm32f10x_gpio.o(.text)
    GPIO_WriteBit                            0x08004fef   Thumb Code    10  stm32f10x_gpio.o(.text)
    GPIO_Write                               0x08004ff9   Thumb Code     4  stm32f10x_gpio.o(.text)
    GPIO_PinLockConfig                       0x08004ffd   Thumb Code    18  stm32f10x_gpio.o(.text)
    GPIO_EventOutputConfig                   0x0800500f   Thumb Code    26  stm32f10x_gpio.o(.text)
    GPIO_EventOutputCmd                      0x08005029   Thumb Code     6  stm32f10x_gpio.o(.text)
    GPIO_PinRemapConfig                      0x0800502f   Thumb Code   138  stm32f10x_gpio.o(.text)
    GPIO_EXTILineConfig                      0x080050b9   Thumb Code    66  stm32f10x_gpio.o(.text)
    GPIO_ETH_MediaInterfaceConfig            0x080050fb   Thumb Code     8  stm32f10x_gpio.o(.text)
    RCC_DeInit                               0x08005129   Thumb Code    64  stm32f10x_rcc.o(.text)
    RCC_HSEConfig                            0x08005169   Thumb Code    70  stm32f10x_rcc.o(.text)
    RCC_GetFlagStatus                        0x080051af   Thumb Code    56  stm32f10x_rcc.o(.text)
    RCC_WaitForHSEStartUp                    0x080051e7   Thumb Code    56  stm32f10x_rcc.o(.text)
    RCC_AdjustHSICalibrationValue            0x0800521f   Thumb Code    20  stm32f10x_rcc.o(.text)
    RCC_HSICmd                               0x08005233   Thumb Code     6  stm32f10x_rcc.o(.text)
    RCC_PLLConfig                            0x08005239   Thumb Code    24  stm32f10x_rcc.o(.text)
    RCC_PLLCmd                               0x08005251   Thumb Code     6  stm32f10x_rcc.o(.text)
    RCC_SYSCLKConfig                         0x08005257   Thumb Code    18  stm32f10x_rcc.o(.text)
    RCC_GetSYSCLKSource                      0x08005269   Thumb Code    10  stm32f10x_rcc.o(.text)
    RCC_HCLKConfig                           0x08005273   Thumb Code    18  stm32f10x_rcc.o(.text)
    RCC_PCLK1Config                          0x08005285   Thumb Code    18  stm32f10x_rcc.o(.text)
    RCC_PCLK2Config                          0x08005297   Thumb Code    20  stm32f10x_rcc.o(.text)
    RCC_ITConfig                             0x080052ab   Thumb Code    26  stm32f10x_rcc.o(.text)
    RCC_USBCLKConfig                         0x080052c5   Thumb Code     8  stm32f10x_rcc.o(.text)
    RCC_ADCCLKConfig                         0x080052cd   Thumb Code    18  stm32f10x_rcc.o(.text)
    RCC_LSEConfig                            0x080052df   Thumb Code    50  stm32f10x_rcc.o(.text)
    RCC_LSICmd                               0x08005311   Thumb Code     6  stm32f10x_rcc.o(.text)
    RCC_RTCCLKConfig                         0x08005317   Thumb Code    12  stm32f10x_rcc.o(.text)
    RCC_RTCCLKCmd                            0x08005323   Thumb Code     8  stm32f10x_rcc.o(.text)
    RCC_GetClocksFreq                        0x0800532b   Thumb Code   192  stm32f10x_rcc.o(.text)
    RCC_AHBPeriphClockCmd                    0x080053eb   Thumb Code    26  stm32f10x_rcc.o(.text)
    RCC_APB2PeriphClockCmd                   0x08005405   Thumb Code    26  stm32f10x_rcc.o(.text)
    RCC_APB1PeriphClockCmd                   0x0800541f   Thumb Code    26  stm32f10x_rcc.o(.text)
    RCC_APB2PeriphResetCmd                   0x08005439   Thumb Code    26  stm32f10x_rcc.o(.text)
    RCC_APB1PeriphResetCmd                   0x08005453   Thumb Code    26  stm32f10x_rcc.o(.text)
    RCC_BackupResetCmd                       0x0800546d   Thumb Code     8  stm32f10x_rcc.o(.text)
    RCC_ClockSecuritySystemCmd               0x08005475   Thumb Code     6  stm32f10x_rcc.o(.text)
    RCC_MCOConfig                            0x0800547b   Thumb Code     6  stm32f10x_rcc.o(.text)
    RCC_ClearFlag                            0x08005481   Thumb Code    14  stm32f10x_rcc.o(.text)
    RCC_GetITStatus                          0x0800548f   Thumb Code    20  stm32f10x_rcc.o(.text)
    RCC_ClearITPendingBit                    0x080054a3   Thumb Code     6  stm32f10x_rcc.o(.text)
    USART_DeInit                             0x080054cd   Thumb Code   134  stm32f10x_usart.o(.text)
    USART_Init                               0x08005553   Thumb Code   210  stm32f10x_usart.o(.text)
    USART_StructInit                         0x08005625   Thumb Code    24  stm32f10x_usart.o(.text)
    USART_ClockInit                          0x0800563d   Thumb Code    34  stm32f10x_usart.o(.text)
    USART_ClockStructInit                    0x0800565f   Thumb Code    12  stm32f10x_usart.o(.text)
    USART_Cmd                                0x0800566b   Thumb Code    24  stm32f10x_usart.o(.text)
    USART_ITConfig                           0x08005683   Thumb Code    74  stm32f10x_usart.o(.text)
    USART_DMACmd                             0x080056cd   Thumb Code    18  stm32f10x_usart.o(.text)
    USART_SetAddress                         0x080056df   Thumb Code    18  stm32f10x_usart.o(.text)
    USART_WakeUpConfig                       0x080056f1   Thumb Code    18  stm32f10x_usart.o(.text)
    USART_ReceiverWakeUpCmd                  0x08005703   Thumb Code    24  stm32f10x_usart.o(.text)
    USART_LINBreakDetectLengthConfig         0x0800571b   Thumb Code    18  stm32f10x_usart.o(.text)
    USART_LINCmd                             0x0800572d   Thumb Code    24  stm32f10x_usart.o(.text)
    USART_SendData                           0x08005745   Thumb Code     8  stm32f10x_usart.o(.text)
    USART_ReceiveData                        0x0800574d   Thumb Code    10  stm32f10x_usart.o(.text)
    USART_SendBreak                          0x08005757   Thumb Code    10  stm32f10x_usart.o(.text)
    USART_SetGuardTime                       0x08005761   Thumb Code    16  stm32f10x_usart.o(.text)
    USART_SetPrescaler                       0x08005771   Thumb Code    16  stm32f10x_usart.o(.text)
    USART_SmartCardCmd                       0x08005781   Thumb Code    24  stm32f10x_usart.o(.text)
    USART_SmartCardNACKCmd                   0x08005799   Thumb Code    24  stm32f10x_usart.o(.text)
    USART_HalfDuplexCmd                      0x080057b1   Thumb Code    24  stm32f10x_usart.o(.text)
    USART_OverSampling8Cmd                   0x080057c9   Thumb Code    22  stm32f10x_usart.o(.text)
    USART_OneBitMethodCmd                    0x080057df   Thumb Code    24  stm32f10x_usart.o(.text)
    USART_IrDAConfig                         0x080057f7   Thumb Code    18  stm32f10x_usart.o(.text)
    USART_IrDACmd                            0x08005809   Thumb Code    24  stm32f10x_usart.o(.text)
    USART_GetFlagStatus                      0x08005821   Thumb Code    26  stm32f10x_usart.o(.text)
    USART_ClearFlag                          0x0800583b   Thumb Code    18  stm32f10x_usart.o(.text)
    USART_GetITStatus                        0x0800584d   Thumb Code    84  stm32f10x_usart.o(.text)
    USART_ClearITPendingBit                  0x080058a1   Thumb Code    52  stm32f10x_usart.o(.text)
    TIM_DeInit                               0x080058d5   Thumb Code   424  stm32f10x_tim.o(.text)
    TIM_TimeBaseInit                         0x08005a7d   Thumb Code   122  stm32f10x_tim.o(.text)
    TIM_OC1Init                              0x08005af7   Thumb Code   132  stm32f10x_tim.o(.text)
    TIM_OC2Init                              0x08005b7b   Thumb Code   154  stm32f10x_tim.o(.text)
    TIM_OC3Init                              0x08005c15   Thumb Code   150  stm32f10x_tim.o(.text)
    TIM_OC4Init                              0x08005cab   Thumb Code   182  stm32f10x_tim.o(.text)
    TIM_SetIC4Prescaler                      0x08005d61   Thumb Code    26  stm32f10x_tim.o(.text)
    TIM_SetIC3Prescaler                      0x08005dfd   Thumb Code    18  stm32f10x_tim.o(.text)
    TIM_SetIC2Prescaler                      0x08005e89   Thumb Code    26  stm32f10x_tim.o(.text)
    TIM_SetIC1Prescaler                      0x08005f25   Thumb Code    18  stm32f10x_tim.o(.text)
    TIM_ICInit                               0x08005fa3   Thumb Code   150  stm32f10x_tim.o(.text)
    TIM_PWMIConfig                           0x08006039   Thumb Code   124  stm32f10x_tim.o(.text)
    TIM_BDTRConfig                           0x080060b5   Thumb Code    32  stm32f10x_tim.o(.text)
    TIM_TimeBaseStructInit                   0x080060d5   Thumb Code    18  stm32f10x_tim.o(.text)
    TIM_OCStructInit                         0x080060e7   Thumb Code    20  stm32f10x_tim.o(.text)
    TIM_ICStructInit                         0x080060fb   Thumb Code    18  stm32f10x_tim.o(.text)
    TIM_BDTRStructInit                       0x0800610d   Thumb Code    40  stm32f10x_tim.o(.text)
    TIM_Cmd                                  0x08006135   Thumb Code    24  stm32f10x_tim.o(.text)
    TIM_CtrlPWMOutputs                       0x0800614d   Thumb Code    30  stm32f10x_tim.o(.text)
    TIM_ITConfig                             0x0800616b   Thumb Code    18  stm32f10x_tim.o(.text)
    TIM_GenerateEvent                        0x0800617d   Thumb Code     4  stm32f10x_tim.o(.text)
    TIM_DMAConfig                            0x08006181   Thumb Code    10  stm32f10x_tim.o(.text)
    TIM_DMACmd                               0x0800618b   Thumb Code    18  stm32f10x_tim.o(.text)
    TIM_InternalClockConfig                  0x0800619d   Thumb Code    12  stm32f10x_tim.o(.text)
    TIM_SelectInputTrigger                   0x080061a9   Thumb Code    18  stm32f10x_tim.o(.text)
    TIM_ITRxExternalClockConfig              0x080061bb   Thumb Code    24  stm32f10x_tim.o(.text)
    TIM_TIxExternalClockConfig               0x080061d3   Thumb Code    62  stm32f10x_tim.o(.text)
    TIM_ETRConfig                            0x08006211   Thumb Code    28  stm32f10x_tim.o(.text)
    TIM_ETRClockMode1Config                  0x0800622d   Thumb Code    54  stm32f10x_tim.o(.text)
    TIM_ETRClockMode2Config                  0x08006263   Thumb Code    32  stm32f10x_tim.o(.text)
    TIM_PrescalerConfig                      0x08006283   Thumb Code     6  stm32f10x_tim.o(.text)
    TIM_CounterModeConfig                    0x08006289   Thumb Code    18  stm32f10x_tim.o(.text)
    TIM_EncoderInterfaceConfig               0x0800629b   Thumb Code    66  stm32f10x_tim.o(.text)
    TIM_ForcedOC1Config                      0x080062dd   Thumb Code    18  stm32f10x_tim.o(.text)
    TIM_ForcedOC2Config                      0x080062ef   Thumb Code    26  stm32f10x_tim.o(.text)
    TIM_ForcedOC3Config                      0x08006309   Thumb Code    18  stm32f10x_tim.o(.text)
    TIM_ForcedOC4Config                      0x0800631b   Thumb Code    26  stm32f10x_tim.o(.text)
    TIM_ARRPreloadConfig                     0x08006335   Thumb Code    24  stm32f10x_tim.o(.text)
    TIM_SelectCOM                            0x0800634d   Thumb Code    24  stm32f10x_tim.o(.text)
    TIM_SelectCCDMA                          0x08006365   Thumb Code    24  stm32f10x_tim.o(.text)
    TIM_CCPreloadControl                     0x0800637d   Thumb Code    24  stm32f10x_tim.o(.text)
    TIM_OC1PreloadConfig                     0x08006395   Thumb Code    18  stm32f10x_tim.o(.text)
    TIM_OC2PreloadConfig                     0x080063a7   Thumb Code    26  stm32f10x_tim.o(.text)
    TIM_OC3PreloadConfig                     0x080063c1   Thumb Code    18  stm32f10x_tim.o(.text)
    TIM_OC4PreloadConfig                     0x080063d3   Thumb Code    26  stm32f10x_tim.o(.text)
    TIM_OC1FastConfig                        0x080063ed   Thumb Code    18  stm32f10x_tim.o(.text)
    TIM_OC2FastConfig                        0x080063ff   Thumb Code    26  stm32f10x_tim.o(.text)
    TIM_OC3FastConfig                        0x08006419   Thumb Code    18  stm32f10x_tim.o(.text)
    TIM_OC4FastConfig                        0x0800642b   Thumb Code    26  stm32f10x_tim.o(.text)
    TIM_ClearOC1Ref                          0x08006445   Thumb Code    18  stm32f10x_tim.o(.text)
    TIM_ClearOC2Ref                          0x08006457   Thumb Code    24  stm32f10x_tim.o(.text)
    TIM_ClearOC3Ref                          0x0800646f   Thumb Code    18  stm32f10x_tim.o(.text)
    TIM_ClearOC4Ref                          0x08006481   Thumb Code    24  stm32f10x_tim.o(.text)
    TIM_OC1PolarityConfig                    0x08006499   Thumb Code    18  stm32f10x_tim.o(.text)
    TIM_OC1NPolarityConfig                   0x080064ab   Thumb Code    18  stm32f10x_tim.o(.text)
    TIM_OC2PolarityConfig                    0x080064bd   Thumb Code    26  stm32f10x_tim.o(.text)
    TIM_OC2NPolarityConfig                   0x080064d7   Thumb Code    26  stm32f10x_tim.o(.text)
    TIM_OC3PolarityConfig                    0x080064f1   Thumb Code    26  stm32f10x_tim.o(.text)
    TIM_OC3NPolarityConfig                   0x0800650b   Thumb Code    26  stm32f10x_tim.o(.text)
    TIM_OC4PolarityConfig                    0x08006525   Thumb Code    26  stm32f10x_tim.o(.text)
    TIM_CCxCmd                               0x0800653f   Thumb Code    30  stm32f10x_tim.o(.text)
    TIM_CCxNCmd                              0x0800655d   Thumb Code    30  stm32f10x_tim.o(.text)
    TIM_SelectOCxM                           0x0800657b   Thumb Code    82  stm32f10x_tim.o(.text)
    TIM_UpdateDisableConfig                  0x080065cd   Thumb Code    24  stm32f10x_tim.o(.text)
    TIM_UpdateRequestConfig                  0x080065e5   Thumb Code    24  stm32f10x_tim.o(.text)
    TIM_SelectHallSensor                     0x080065fd   Thumb Code    24  stm32f10x_tim.o(.text)
    TIM_SelectOnePulseMode                   0x08006615   Thumb Code    18  stm32f10x_tim.o(.text)
    TIM_SelectOutputTrigger                  0x08006627   Thumb Code    18  stm32f10x_tim.o(.text)
    TIM_SelectSlaveMode                      0x08006639   Thumb Code    18  stm32f10x_tim.o(.text)
    TIM_SelectMasterSlaveMode                0x0800664b   Thumb Code    18  stm32f10x_tim.o(.text)
    TIM_SetCounter                           0x0800665d   Thumb Code     4  stm32f10x_tim.o(.text)
    TIM_SetAutoreload                        0x08006661   Thumb Code     4  stm32f10x_tim.o(.text)
    TIM_SetCompare1                          0x08006665   Thumb Code     4  stm32f10x_tim.o(.text)
    TIM_SetCompare2                          0x08006669   Thumb Code     4  stm32f10x_tim.o(.text)
    TIM_SetCompare3                          0x0800666d   Thumb Code     4  stm32f10x_tim.o(.text)
    TIM_SetCompare4                          0x08006671   Thumb Code     6  stm32f10x_tim.o(.text)
    TIM_SetClockDivision                     0x08006677   Thumb Code    18  stm32f10x_tim.o(.text)
    TIM_GetCapture1                          0x08006689   Thumb Code     6  stm32f10x_tim.o(.text)
    TIM_GetCapture2                          0x0800668f   Thumb Code     6  stm32f10x_tim.o(.text)
    TIM_GetCapture3                          0x08006695   Thumb Code     6  stm32f10x_tim.o(.text)
    TIM_GetCapture4                          0x0800669b   Thumb Code     8  stm32f10x_tim.o(.text)
    TIM_GetCounter                           0x080066a3   Thumb Code     6  stm32f10x_tim.o(.text)
    TIM_GetPrescaler                         0x080066a9   Thumb Code     6  stm32f10x_tim.o(.text)
    TIM_GetFlagStatus                        0x080066af   Thumb Code    18  stm32f10x_tim.o(.text)
    TIM_ClearFlag                            0x080066c1   Thumb Code     6  stm32f10x_tim.o(.text)
    TIM_GetITStatus                          0x080066c7   Thumb Code    34  stm32f10x_tim.o(.text)
    TIM_ClearITPendingBit                    0x080066e9   Thumb Code     6  stm32f10x_tim.o(.text)
    __use_no_semihosting                     0x080066ef   Thumb Code     2  use_no_semi_2.o(.text)
    __aeabi_ldivmod                          0x080066f1   Thumb Code     0  llsdiv.o(.text)
    _ll_sdiv                                 0x080066f1   Thumb Code    72  llsdiv.o(.text)
    __2printf                                0x08006739   Thumb Code    20  noretval__2printf.o(.text)
    _printf_pre_padding                      0x08006751   Thumb Code    44  _printf_pad.o(.text)
    _printf_post_padding                     0x0800677d   Thumb Code    34  _printf_pad.o(.text)
    _printf_int_dec                          0x080067a1   Thumb Code   104  _printf_dec.o(.text)
    _printf_int_hex                          0x08006819   Thumb Code    84  _printf_hex_int.o(.text)
    _printf_longlong_hex                     0x08006819   Thumb Code     0  _printf_hex_int.o(.text)
    __printf                                 0x08006871   Thumb Code   308  __printf_flags_wp.o(.text)
    memcmp                                   0x080069a9   Thumb Code    88  memcmp.o(.text)
    __aeabi_memset                           0x08006a01   Thumb Code    16  aeabi_memset.o(.text)
    __aeabi_memclr4                          0x08006a11   Thumb Code     0  rt_memclr_w.o(.text)
    __aeabi_memclr8                          0x08006a11   Thumb Code     0  rt_memclr_w.o(.text)
    __rt_memclr_w                            0x08006a11   Thumb Code    78  rt_memclr_w.o(.text)
    _memset_w                                0x08006a15   Thumb Code     0  rt_memclr_w.o(.text)
    __use_two_region_memory                  0x08006a5f   Thumb Code     2  heapauxi.o(.text)
    __rt_heap_escrow$2region                 0x08006a61   Thumb Code     2  heapauxi.o(.text)
    __rt_heap_expand$2region                 0x08006a63   Thumb Code     2  heapauxi.o(.text)
    __I$use$semihosting                      0x08006a65   Thumb Code     0  use_no_semi.o(.text)
    __use_no_semihosting_swi                 0x08006a65   Thumb Code     2  use_no_semi.o(.text)
    __aeabi_uldivmod                         0x08006a67   Thumb Code     0  lludivv7m.o(.text)
    _ll_udiv                                 0x08006a67   Thumb Code   238  lludivv7m.o(.text)
    __read_errno                             0x08006b55   Thumb Code    10  _rserrno.o(.text)
    __set_errno                              0x08006b5f   Thumb Code    12  _rserrno.o(.text)
    _printf_int_common                       0x08006b6b   Thumb Code   178  _printf_intcommon.o(.text)
    _printf_char_file                        0x08006c1d   Thumb Code    32  _printf_char_file.o(.text)
    __aeabi_memclr                           0x08006c41   Thumb Code     0  rt_memclr.o(.text)
    __rt_memclr                              0x08006c41   Thumb Code    68  rt_memclr.o(.text)
    _memset                                  0x08006c45   Thumb Code     0  rt_memclr.o(.text)
    __aeabi_errno_addr                       0x08006c85   Thumb Code     8  rt_errno_addr_intlibspace.o(.text)
    __errno$intlibspace                      0x08006c85   Thumb Code     0  rt_errno_addr_intlibspace.o(.text)
    __rt_errno_addr$intlibspace              0x08006c85   Thumb Code     0  rt_errno_addr_intlibspace.o(.text)
    _printf_char_common                      0x08006c97   Thumb Code    32  _printf_char_common.o(.text)
    ferror                                   0x08006cbd   Thumb Code     8  ferror.o(.text)
    __user_libspace                          0x08006cc5   Thumb Code     8  libspace.o(.text)
    __user_perproc_libspace                  0x08006cc5   Thumb Code     0  libspace.o(.text)
    __user_perthread_libspace                0x08006cc5   Thumb Code     0  libspace.o(.text)
    __user_setup_stackheap                   0x08006ccd   Thumb Code    74  sys_stackheap_outer.o(.text)
    exit                                     0x08006d17   Thumb Code    18  exit.o(.text)
    __ARM_fpclassify                         0x08006d29   Thumb Code    40  fpclassify.o(i.__ARM_fpclassify)
    __kernel_poly                            0x08006d51   Thumb Code   170  poly.o(i.__kernel_poly)
    __mathlib_dbl_infnan                     0x08006dfb   Thumb Code     6  dunder.o(i.__mathlib_dbl_infnan)
    __mathlib_dbl_infnan2                    0x08006e01   Thumb Code     4  dunder.o(i.__mathlib_dbl_infnan2)
    __mathlib_dbl_invalid                    0x08006e05   Thumb Code    12  dunder.o(i.__mathlib_dbl_invalid)
    __mathlib_dbl_underflow                  0x08006e11   Thumb Code    10  dunder.o(i.__mathlib_dbl_underflow)
    _is_digit                                0x08006e21   Thumb Code    14  __printf_wp.o(i._is_digit)
    asin                                     0x08006e31   Thumb Code   572  asin.o(i.asin)
    atan                                     0x080070a1   Thumb Code   474  atan.o(i.atan)
    atan2                                    0x080072c1   Thumb Code   346  atan2.o(i.atan2)
    sqrt                                     0x08007441   Thumb Code    76  sqrt.o(i.sqrt)
    __aeabi_d2f                              0x0800748d   Thumb Code     0  d2f.o(x$fpl$d2f)
    _d2f                                     0x0800748d   Thumb Code    98  d2f.o(x$fpl$d2f)
    __aeabi_dadd                             0x080074f1   Thumb Code     0  daddsub_clz.o(x$fpl$dadd)
    _dadd                                    0x080074f1   Thumb Code   332  daddsub_clz.o(x$fpl$dadd)
    __fpl_dcheck_NaN1                        0x08007641   Thumb Code    10  dcheck1.o(x$fpl$dcheck1)
    __aeabi_ddiv                             0x08007651   Thumb Code     0  ddiv.o(x$fpl$ddiv)
    _ddiv                                    0x08007651   Thumb Code   552  ddiv.o(x$fpl$ddiv)
    __aeabi_i2d                              0x08007901   Thumb Code     0  dflt_clz.o(x$fpl$dflt)
    _dflt                                    0x08007901   Thumb Code    46  dflt_clz.o(x$fpl$dflt)
    __aeabi_dmul                             0x08007931   Thumb Code     0  dmul.o(x$fpl$dmul)
    _dmul                                    0x08007931   Thumb Code   332  dmul.o(x$fpl$dmul)
    __fpl_dnaninf                            0x08007a85   Thumb Code   156  dnaninf.o(x$fpl$dnaninf)
    __fpl_dretinf                            0x08007b21   Thumb Code    12  dretinf.o(x$fpl$dretinf)
    __aeabi_drsub                            0x08007b2d   Thumb Code     0  daddsub_clz.o(x$fpl$drsb)
    _drsb                                    0x08007b2d   Thumb Code    22  daddsub_clz.o(x$fpl$drsb)
    _dsqrt                                   0x08007b45   Thumb Code   456  dsqrt_noumaal.o(x$fpl$dsqrt)
    __aeabi_dsub                             0x08007d11   Thumb Code     0  daddsub_clz.o(x$fpl$dsub)
    _dsub                                    0x08007d11   Thumb Code   464  daddsub_clz.o(x$fpl$dsub)
    __aeabi_f2d                              0x08007ee5   Thumb Code     0  f2d.o(x$fpl$f2d)
    _f2d                                     0x08007ee5   Thumb Code    86  f2d.o(x$fpl$f2d)
    __aeabi_fadd                             0x08007f3d   Thumb Code     0  faddsub_clz.o(x$fpl$fadd)
    _fadd                                    0x08007f3d   Thumb Code   196  faddsub_clz.o(x$fpl$fadd)
    __fpl_fcmp_Inf                           0x08008001   Thumb Code    24  fcmpi.o(x$fpl$fcmpinf)
    __aeabi_fdiv                             0x08008019   Thumb Code     0  fdiv.o(x$fpl$fdiv)
    _fdiv                                    0x08008019   Thumb Code   384  fdiv.o(x$fpl$fdiv)
    __aeabi_cfcmpeq                          0x0800819d   Thumb Code     0  feqf.o(x$fpl$feqf)
    _fcmpeq                                  0x0800819d   Thumb Code   104  feqf.o(x$fpl$feqf)
    __aeabi_f2iz                             0x08008205   Thumb Code     0  ffix.o(x$fpl$ffix)
    _ffix                                    0x08008205   Thumb Code    54  ffix.o(x$fpl$ffix)
    __aeabi_f2uiz                            0x0800823d   Thumb Code     0  ffixu.o(x$fpl$ffixu)
    _ffixu                                   0x0800823d   Thumb Code    62  ffixu.o(x$fpl$ffixu)
    __aeabi_i2f                              0x0800827d   Thumb Code     0  fflt_clz.o(x$fpl$fflt)
    _fflt                                    0x0800827d   Thumb Code    48  fflt_clz.o(x$fpl$fflt)
    __aeabi_ui2f                             0x080082ad   Thumb Code     0  fflt_clz.o(x$fpl$ffltu)
    _ffltu                                   0x080082ad   Thumb Code    38  fflt_clz.o(x$fpl$ffltu)
    __aeabi_cfcmple                          0x080082d5   Thumb Code     0  fleqf.o(x$fpl$fleqf)
    _fcmple                                  0x080082d5   Thumb Code   104  fleqf.o(x$fpl$fleqf)
    __fpl_fcmple_InfNaN                      0x08008327   Thumb Code     0  fleqf.o(x$fpl$fleqf)
    __aeabi_fmul                             0x0800833d   Thumb Code     0  fmul.o(x$fpl$fmul)
    _fmul                                    0x0800833d   Thumb Code   258  fmul.o(x$fpl$fmul)
    __fpl_fnaninf                            0x0800843f   Thumb Code   140  fnaninf.o(x$fpl$fnaninf)
    __fpl_fretinf                            0x080084cb   Thumb Code    10  fretinf.o(x$fpl$fretinf)
    __aeabi_cfrcmple                         0x080084d5   Thumb Code     0  frleqf.o(x$fpl$frleqf)
    _frcmple                                 0x080084d5   Thumb Code    98  frleqf.o(x$fpl$frleqf)
    __aeabi_fsub                             0x08008539   Thumb Code     0  faddsub_clz.o(x$fpl$fsub)
    _fsub                                    0x08008539   Thumb Code   234  faddsub_clz.o(x$fpl$fsub)
    __fpl_return_NaN                         0x08008623   Thumb Code   100  retnan.o(x$fpl$retnan)
    __ARM_scalbn                             0x08008687   Thumb Code    92  scalbn.o(x$fpl$scalbn)
    __fpl_cmpreturn                          0x080086e3   Thumb Code    48  trapv.o(x$fpl$trapveneer)
    __I$use$fp                               0x08008712   Number         0  usenofp.o(x$fpl$usenofp)
    reg                                      0x08008714   Data          27  inv_mpu.o(.constdata)
    hw                                       0x08008730   Data          12  inv_mpu.o(.constdata)
    test                                     0x0800873c   Data          40  inv_mpu.o(.constdata)
    __mathlib_zero                           0x08009480   Data           8  qnan.o(.constdata)
    Region$$Table$$Base                      0x080094d8   Number         0  anon$$obj.o(Region$$Table)
    Region$$Table$$Limit                     0x080094f8   Number         0  anon$$obj.o(Region$$Table)
    SystemCoreClock                          0x20000000   Data           4  system_stm32f10x.o(.data)
    AHBPrescTable                            0x20000004   Data          16  system_stm32f10x.o(.data)
    Count_1ms                                0x20000014   Data           1  heart.o(.data)
    Count_2ms                                0x20000015   Data           1  heart.o(.data)
    Count_4ms                                0x20000016   Data           1  heart.o(.data)
    Count_25ms                               0x20000017   Data           1  heart.o(.data)
    Count_LED                                0x20000018   Data           2  heart.o(.data)
    PPM_Sample_Cnt                           0x2000001c   Data           2  rc.o(.data)
    PPM_Time                                 0x20000020   Data           4  rc.o(.data)
    PPM_Okay                                 0x20000024   Data           2  rc.o(.data)
    TIM2_CH2_CAPTURE_STA                     0x20000026   Data           1  rc.o(.data)
    Rc_LOCK                                  0x20000028   Data           1  struct_all.o(.data)
    report                                   0x20000029   Data           1  struct_all.o(.data)
    acc                                      0x2000002a   Data           6  struct_all.o(.data)
    gyro                                     0x20000030   Data           6  struct_all.o(.data)
    filter_acc                               0x20000036   Data           6  struct_all.o(.data)
    filter_gyro                              0x2000003c   Data           6  struct_all.o(.data)
    offset_acc                               0x20000042   Data           6  struct_all.o(.data)
    offset_gyro                              0x20000048   Data           6  struct_all.o(.data)
    TIM3CH1_CAPTURE_STA                      0x20000086   Data           1  hcsr04.o(.data)
    TIM3CH1_CAPTURE_VAL                      0x20000088   Data           2  hcsr04.o(.data)
    USART_RX_STA                             0x20000090   Data           2  usart.o(.data)
    __stdout                                 0x20000094   Data           4  usart.o(.data)
    PPM_Databuf                              0x200000ac   Data          16  rc.o(.bss)
    SI_acc                                   0x200000bc   Data          12  struct_all.o(.bss)
    SI_gyro                                  0x200000c8   Data          12  struct_all.o(.bss)
    Rc                                       0x200000d4   Data          24  struct_all.o(.bss)
    out_angle                                0x200000ec   Data          12  struct_all.o(.bss)
    acc_pitch                                0x200000f8   Data          32  struct_all.o(.bss)
    acc_roll                                 0x20000118   Data          32  struct_all.o(.bss)
    acc_yaw                                  0x20000138   Data          32  struct_all.o(.bss)
    gyro_pitch                               0x20000158   Data          32  struct_all.o(.bss)
    gyro_roll                                0x20000178   Data          32  struct_all.o(.bss)
    gyro_yaw                                 0x20000198   Data          32  struct_all.o(.bss)
    USART_RX_BUF                             0x200001c8   Data         200  usart.o(.bss)
    __libspace_start                         0x20000290   Data          96  libspace.o(.bss)
    __temporary_stack_top$libspace           0x200002f0   Data           0  libspace.o(.bss)



==============================================================================

Memory Map of the image

  Image Entry point : 0x08000131

  Load Region LR_IROM1 (Base: 0x08000000, Size: 0x000095a4, Max: 0x00080000, ABSOLUTE)

    Execution Region ER_IROM1 (Exec base: 0x08000000, Load base: 0x08000000, Size: 0x000094f8, Max: 0x00080000, ABSOLUTE)

    Exec Addr    Load Addr    Size         Type   Attr      Idx    E Section Name        Object

    0x08000000   0x08000000   0x00000130   Data   RO          488    RESET               startup_stm32f10x_hd.o
    0x08000130   0x08000130   0x00000008   Code   RO          635  * !!!main             c_w.l(__main.o)
    0x08000138   0x08000138   0x00000034   Code   RO          958    !!!scatter          c_w.l(__scatter.o)
    0x0800016c   0x0800016c   0x0000001a   Code   RO          960    !!handler_copy      c_w.l(__scatter_copy.o)
    0x08000186   0x08000186   0x00000002   PAD
    0x08000188   0x08000188   0x0000001c   Code   RO          962    !!handler_zi        c_w.l(__scatter_zi.o)
    0x080001a4   0x080001a4   0x00000000   Code   RO          626    .ARM.Collect$$_printf_percent$$00000000  c_w.l(_printf_percent.o)
    0x080001a4   0x080001a4   0x00000006   Code   RO          625    .ARM.Collect$$_printf_percent$$00000009  c_w.l(_printf_d.o)
    0x080001aa   0x080001aa   0x00000006   Code   RO          624    .ARM.Collect$$_printf_percent$$0000000C  c_w.l(_printf_x.o)
    0x080001b0   0x080001b0   0x00000004   Code   RO          720    .ARM.Collect$$_printf_percent$$00000017  c_w.l(_printf_percent_end.o)
    0x080001b4   0x080001b4   0x00000002   Code   RO          825    .ARM.Collect$$libinit$$00000000  c_w.l(libinit.o)
    0x080001b6   0x080001b6   0x00000000   Code   RO          837    .ARM.Collect$$libinit$$00000002  c_w.l(libinit2.o)
    0x080001b6   0x080001b6   0x00000000   Code   RO          839    .ARM.Collect$$libinit$$00000004  c_w.l(libinit2.o)
    0x080001b6   0x080001b6   0x00000000   Code   RO          842    .ARM.Collect$$libinit$$0000000A  c_w.l(libinit2.o)
    0x080001b6   0x080001b6   0x00000000   Code   RO          844    .ARM.Collect$$libinit$$0000000C  c_w.l(libinit2.o)
    0x080001b6   0x080001b6   0x00000000   Code   RO          846    .ARM.Collect$$libinit$$0000000E  c_w.l(libinit2.o)
    0x080001b6   0x080001b6   0x00000000   Code   RO          849    .ARM.Collect$$libinit$$00000011  c_w.l(libinit2.o)
    0x080001b6   0x080001b6   0x00000000   Code   RO          851    .ARM.Collect$$libinit$$00000013  c_w.l(libinit2.o)
    0x080001b6   0x080001b6   0x00000000   Code   RO          853    .ARM.Collect$$libinit$$00000015  c_w.l(libinit2.o)
    0x080001b6   0x080001b6   0x00000000   Code   RO          855    .ARM.Collect$$libinit$$00000017  c_w.l(libinit2.o)
    0x080001b6   0x080001b6   0x00000000   Code   RO          857    .ARM.Collect$$libinit$$00000019  c_w.l(libinit2.o)
    0x080001b6   0x080001b6   0x00000000   Code   RO          859    .ARM.Collect$$libinit$$0000001B  c_w.l(libinit2.o)
    0x080001b6   0x080001b6   0x00000000   Code   RO          861    .ARM.Collect$$libinit$$0000001D  c_w.l(libinit2.o)
    0x080001b6   0x080001b6   0x00000000   Code   RO          863    .ARM.Collect$$libinit$$0000001F  c_w.l(libinit2.o)
    0x080001b6   0x080001b6   0x00000000   Code   RO          865    .ARM.Collect$$libinit$$00000021  c_w.l(libinit2.o)
    0x080001b6   0x080001b6   0x00000000   Code   RO          867    .ARM.Collect$$libinit$$00000023  c_w.l(libinit2.o)
    0x080001b6   0x080001b6   0x00000000   Code   RO          869    .ARM.Collect$$libinit$$00000025  c_w.l(libinit2.o)
    0x080001b6   0x080001b6   0x00000000   Code   RO          873    .ARM.Collect$$libinit$$0000002C  c_w.l(libinit2.o)
    0x080001b6   0x080001b6   0x00000000   Code   RO          875    .ARM.Collect$$libinit$$0000002E  c_w.l(libinit2.o)
    0x080001b6   0x080001b6   0x00000000   Code   RO          877    .ARM.Collect$$libinit$$00000030  c_w.l(libinit2.o)
    0x080001b6   0x080001b6   0x00000000   Code   RO          879    .ARM.Collect$$libinit$$00000032  c_w.l(libinit2.o)
    0x080001b6   0x080001b6   0x00000002   Code   RO          880    .ARM.Collect$$libinit$$00000033  c_w.l(libinit2.o)
    0x080001b8   0x080001b8   0x00000002   Code   RO          910    .ARM.Collect$$libshutdown$$00000000  c_w.l(libshutdown.o)
    0x080001ba   0x080001ba   0x00000000   Code   RO          924    .ARM.Collect$$libshutdown$$00000002  c_w.l(libshutdown2.o)
    0x080001ba   0x080001ba   0x00000000   Code   RO          926    .ARM.Collect$$libshutdown$$00000004  c_w.l(libshutdown2.o)
    0x080001ba   0x080001ba   0x00000000   Code   RO          929    .ARM.Collect$$libshutdown$$00000007  c_w.l(libshutdown2.o)
    0x080001ba   0x080001ba   0x00000000   Code   RO          932    .ARM.Collect$$libshutdown$$0000000A  c_w.l(libshutdown2.o)
    0x080001ba   0x080001ba   0x00000000   Code   RO          934    .ARM.Collect$$libshutdown$$0000000C  c_w.l(libshutdown2.o)
    0x080001ba   0x080001ba   0x00000000   Code   RO          937    .ARM.Collect$$libshutdown$$0000000F  c_w.l(libshutdown2.o)
    0x080001ba   0x080001ba   0x00000002   Code   RO          938    .ARM.Collect$$libshutdown$$00000010  c_w.l(libshutdown2.o)
    0x080001bc   0x080001bc   0x00000000   Code   RO          711    .ARM.Collect$$rtentry$$00000000  c_w.l(__rtentry.o)
    0x080001bc   0x080001bc   0x00000000   Code   RO          774    .ARM.Collect$$rtentry$$00000002  c_w.l(__rtentry2.o)
    0x080001bc   0x080001bc   0x00000006   Code   RO          786    .ARM.Collect$$rtentry$$00000004  c_w.l(__rtentry4.o)
    0x080001c2   0x080001c2   0x00000000   Code   RO          776    .ARM.Collect$$rtentry$$00000009  c_w.l(__rtentry2.o)
    0x080001c2   0x080001c2   0x00000004   Code   RO          777    .ARM.Collect$$rtentry$$0000000A  c_w.l(__rtentry2.o)
    0x080001c6   0x080001c6   0x00000000   Code   RO          779    .ARM.Collect$$rtentry$$0000000C  c_w.l(__rtentry2.o)
    0x080001c6   0x080001c6   0x00000008   Code   RO          780    .ARM.Collect$$rtentry$$0000000D  c_w.l(__rtentry2.o)
    0x080001ce   0x080001ce   0x00000002   Code   RO          830    .ARM.Collect$$rtexit$$00000000  c_w.l(rtexit.o)
    0x080001d0   0x080001d0   0x00000000   Code   RO          884    .ARM.Collect$$rtexit$$00000002  c_w.l(rtexit2.o)
    0x080001d0   0x080001d0   0x00000004   Code   RO          885    .ARM.Collect$$rtexit$$00000003  c_w.l(rtexit2.o)
    0x080001d4   0x080001d4   0x00000006   Code   RO          886    .ARM.Collect$$rtexit$$00000004  c_w.l(rtexit2.o)
    0x080001da   0x080001da   0x00000002   PAD
    0x080001dc   0x080001dc   0x000000dc   Code   RO            1    .text               main.o
    0x080002b8   0x080002b8   0x0000001a   Code   RO          155    .text               stm32f10x_it.o
    0x080002d2   0x080002d2   0x00000002   PAD
    0x080002d4   0x080002d4   0x000001e0   Code   RO          196    .text               system_stm32f10x.o
    0x080004b4   0x080004b4   0x0000004c   Code   RO          214    .text               led.o
    0x08000500   0x08000500   0x00000038   Code   RO          226    .text               beep.o
    0x08000538   0x08000538   0x000000c8   Code   RO          238    .text               heart.o
    0x08000600   0x08000600   0x00000220   Code   RO          256    .text               rc.o
    0x08000820   0x08000820   0x00000134   Code   RO          275    .text               bsp_motor_tim4.o
    0x08000954   0x08000954   0x000002c8   Code   RO          287    .text               control.o
    0x08000c1c   0x08000c1c   0x00000038   Code   RO          306    .text               struct_all.o
    0x08000c54   0x08000c54   0x000022b8   Code   RO          325    .text               inv_mpu.o
    0x08002f0c   0x08002f0c   0x00000d70   Code   RO          355    .text               inv_mpu_dmp_motion_driver.o
    0x08003c7c   0x08003c7c   0x00000590   Code   RO          380    .text               protocol.o
    0x0800420c   0x0800420c   0x00000620   Code   RO          392    .text               iic_mpu6050.o
    0x0800482c   0x0800482c   0x00000270   Code   RO          404    .text               hcsr04.o
    0x08004a9c   0x08004a9c   0x000000d4   Code   RO          422    .text               delay.o
    0x08004b70   0x08004b70   0x00000140   Code   RO          453    .text               usart.o
    0x08004cb0   0x08004cb0   0x00000040   Code   RO          489    .text               startup_stm32f10x_hd.o
    0x08004cf0   0x08004cf0   0x000000dc   Code   RO          493    .text               misc.o
    0x08004dcc   0x08004dcc   0x0000035c   Code   RO          505    .text               stm32f10x_gpio.o
    0x08005128   0x08005128   0x000003a4   Code   RO          517    .text               stm32f10x_rcc.o
    0x080054cc   0x080054cc   0x00000408   Code   RO          531    .text               stm32f10x_usart.o
    0x080058d4   0x080058d4   0x00000e1a   Code   RO          555    .text               stm32f10x_tim.o
    0x080066ee   0x080066ee   0x00000002   Code   RO          569    .text               c_w.l(use_no_semi_2.o)
    0x080066f0   0x080066f0   0x00000048   Code   RO          571    .text               c_w.l(llsdiv.o)
    0x08006738   0x08006738   0x00000018   Code   RO          575    .text               c_w.l(noretval__2printf.o)
    0x08006750   0x08006750   0x0000004e   Code   RO          579    .text               c_w.l(_printf_pad.o)
    0x0800679e   0x0800679e   0x00000002   PAD
    0x080067a0   0x080067a0   0x00000078   Code   RO          581    .text               c_w.l(_printf_dec.o)
    0x08006818   0x08006818   0x00000058   Code   RO          586    .text               c_w.l(_printf_hex_int.o)
    0x08006870   0x08006870   0x00000138   Code   RO          616    .text               c_w.l(__printf_flags_wp.o)
    0x080069a8   0x080069a8   0x00000058   Code   RO          627    .text               c_w.l(memcmp.o)
    0x08006a00   0x08006a00   0x00000010   Code   RO          629    .text               c_w.l(aeabi_memset.o)
    0x08006a10   0x08006a10   0x0000004e   Code   RO          631    .text               c_w.l(rt_memclr_w.o)
    0x08006a5e   0x08006a5e   0x00000006   Code   RO          633    .text               c_w.l(heapauxi.o)
    0x08006a64   0x08006a64   0x00000002   Code   RO          709    .text               c_w.l(use_no_semi.o)
    0x08006a66   0x08006a66   0x000000ee   Code   RO          712    .text               c_w.l(lludivv7m.o)
    0x08006b54   0x08006b54   0x00000016   Code   RO          714    .text               c_w.l(_rserrno.o)
    0x08006b6a   0x08006b6a   0x000000b2   Code   RO          716    .text               c_w.l(_printf_intcommon.o)
    0x08006c1c   0x08006c1c   0x00000024   Code   RO          718    .text               c_w.l(_printf_char_file.o)
    0x08006c40   0x08006c40   0x00000044   Code   RO          721    .text               c_w.l(rt_memclr.o)
    0x08006c84   0x08006c84   0x00000008   Code   RO          795    .text               c_w.l(rt_errno_addr_intlibspace.o)
    0x08006c8c   0x08006c8c   0x00000030   Code   RO          797    .text               c_w.l(_printf_char_common.o)
    0x08006cbc   0x08006cbc   0x00000008   Code   RO          799    .text               c_w.l(ferror.o)
    0x08006cc4   0x08006cc4   0x00000008   Code   RO          809    .text               c_w.l(libspace.o)
    0x08006ccc   0x08006ccc   0x0000004a   Code   RO          812    .text               c_w.l(sys_stackheap_outer.o)
    0x08006d16   0x08006d16   0x00000012   Code   RO          818    .text               c_w.l(exit.o)
    0x08006d28   0x08006d28   0x00000028   Code   RO          760    i.__ARM_fpclassify  m_ws.l(fpclassify.o)
    0x08006d50   0x08006d50   0x000000aa   Code   RO          762    i.__kernel_poly     m_ws.l(poly.o)
    0x08006dfa   0x08006dfa   0x00000006   Code   RO          747    i.__mathlib_dbl_infnan  m_ws.l(dunder.o)
    0x08006e00   0x08006e00   0x00000004   Code   RO          748    i.__mathlib_dbl_infnan2  m_ws.l(dunder.o)
    0x08006e04   0x08006e04   0x0000000c   Code   RO          749    i.__mathlib_dbl_invalid  m_ws.l(dunder.o)
    0x08006e10   0x08006e10   0x00000010   Code   RO          752    i.__mathlib_dbl_underflow  m_ws.l(dunder.o)
    0x08006e20   0x08006e20   0x0000000e   Code   RO          614    i._is_digit         c_w.l(__printf_wp.o)
    0x08006e2e   0x08006e2e   0x00000002   PAD
    0x08006e30   0x08006e30   0x00000270   Code   RO          692    i.asin              m_ws.l(asin.o)
    0x080070a0   0x080070a0   0x00000220   Code   RO          737    i.atan              m_ws.l(atan.o)
    0x080072c0   0x080072c0   0x00000180   Code   RO          702    i.atan2             m_ws.l(atan2.o)
    0x08007440   0x08007440   0x0000004c   Code   RO          766    i.sqrt              m_ws.l(sqrt.o)
    0x0800748c   0x0800748c   0x00000062   Code   RO          637    x$fpl$d2f           fz_ws.l(d2f.o)
    0x080074ee   0x080074ee   0x00000002   PAD
    0x080074f0   0x080074f0   0x00000150   Code   RO          639    x$fpl$dadd          fz_ws.l(daddsub_clz.o)
    0x08007640   0x08007640   0x00000010   Code   RO          803    x$fpl$dcheck1       fz_ws.l(dcheck1.o)
    0x08007650   0x08007650   0x000002b0   Code   RO          646    x$fpl$ddiv          fz_ws.l(ddiv.o)
    0x08007900   0x08007900   0x0000002e   Code   RO          650    x$fpl$dflt          fz_ws.l(dflt_clz.o)
    0x0800792e   0x0800792e   0x00000002   PAD
    0x08007930   0x08007930   0x00000154   Code   RO          655    x$fpl$dmul          fz_ws.l(dmul.o)
    0x08007a84   0x08007a84   0x0000009c   Code   RO          723    x$fpl$dnaninf       fz_ws.l(dnaninf.o)
    0x08007b20   0x08007b20   0x0000000c   Code   RO          725    x$fpl$dretinf       fz_ws.l(dretinf.o)
    0x08007b2c   0x08007b2c   0x00000016   Code   RO          640    x$fpl$drsb          fz_ws.l(daddsub_clz.o)
    0x08007b42   0x08007b42   0x00000002   PAD
    0x08007b44   0x08007b44   0x000001cc   Code   RO          807    x$fpl$dsqrt         fz_ws.l(dsqrt_noumaal.o)
    0x08007d10   0x08007d10   0x000001d4   Code   RO          641    x$fpl$dsub          fz_ws.l(daddsub_clz.o)
    0x08007ee4   0x08007ee4   0x00000056   Code   RO          657    x$fpl$f2d           fz_ws.l(f2d.o)
    0x08007f3a   0x08007f3a   0x00000002   PAD
    0x08007f3c   0x08007f3c   0x000000c4   Code   RO          659    x$fpl$fadd          fz_ws.l(faddsub_clz.o)
    0x08008000   0x08008000   0x00000018   Code   RO          727    x$fpl$fcmpinf       fz_ws.l(fcmpi.o)
    0x08008018   0x08008018   0x00000184   Code   RO          666    x$fpl$fdiv          fz_ws.l(fdiv.o)
    0x0800819c   0x0800819c   0x00000068   Code   RO          669    x$fpl$feqf          fz_ws.l(feqf.o)
    0x08008204   0x08008204   0x00000036   Code   RO          671    x$fpl$ffix          fz_ws.l(ffix.o)
    0x0800823a   0x0800823a   0x00000002   PAD
    0x0800823c   0x0800823c   0x0000003e   Code   RO          675    x$fpl$ffixu         fz_ws.l(ffixu.o)
    0x0800827a   0x0800827a   0x00000002   PAD
    0x0800827c   0x0800827c   0x00000030   Code   RO          680    x$fpl$fflt          fz_ws.l(fflt_clz.o)
    0x080082ac   0x080082ac   0x00000026   Code   RO          679    x$fpl$ffltu         fz_ws.l(fflt_clz.o)
    0x080082d2   0x080082d2   0x00000002   PAD
    0x080082d4   0x080082d4   0x00000068   Code   RO          685    x$fpl$fleqf         fz_ws.l(fleqf.o)
    0x0800833c   0x0800833c   0x00000102   Code   RO          687    x$fpl$fmul          fz_ws.l(fmul.o)
    0x0800843e   0x0800843e   0x0000008c   Code   RO          729    x$fpl$fnaninf       fz_ws.l(fnaninf.o)
    0x080084ca   0x080084ca   0x0000000a   Code   RO          731    x$fpl$fretinf       fz_ws.l(fretinf.o)
    0x080084d4   0x080084d4   0x00000062   Code   RO          689    x$fpl$frleqf        fz_ws.l(frleqf.o)
    0x08008536   0x08008536   0x00000002   PAD
    0x08008538   0x08008538   0x000000ea   Code   RO          661    x$fpl$fsub          fz_ws.l(faddsub_clz.o)
    0x08008622   0x08008622   0x00000064   Code   RO          828    x$fpl$retnan        fz_ws.l(retnan.o)
    0x08008686   0x08008686   0x0000005c   Code   RO          733    x$fpl$scalbn        fz_ws.l(scalbn.o)
    0x080086e2   0x080086e2   0x00000030   Code   RO          881    x$fpl$trapveneer    fz_ws.l(trapv.o)
    0x08008712   0x08008712   0x00000000   Code   RO          735    x$fpl$usenofp       fz_ws.l(usenofp.o)
    0x08008712   0x08008712   0x00000002   PAD
    0x08008714   0x08008714   0x00000050   Data   RO          326    .constdata          inv_mpu.o
    0x08008764   0x08008764   0x00000bf6   Data   RO          357    .constdata          inv_mpu_dmp_motion_driver.o
    0x0800935a   0x0800935a   0x00000028   Data   RO          587    .constdata          c_w.l(_printf_hex_int.o)
    0x08009382   0x08009382   0x00000011   Data   RO          617    .constdata          c_w.l(__printf_flags_wp.o)
    0x08009393   0x08009393   0x00000005   PAD
    0x08009398   0x08009398   0x00000050   Data   RO          693    .constdata          m_ws.l(asin.o)
    0x080093e8   0x080093e8   0x00000098   Data   RO          738    .constdata          m_ws.l(atan.o)
    0x08009480   0x08009480   0x00000008   Data   RO          764    .constdata          m_ws.l(qnan.o)
    0x08009488   0x08009488   0x0000004d   Data   RO          327    .conststring        inv_mpu.o
    0x080094d5   0x080094d5   0x00000003   PAD
    0x080094d8   0x080094d8   0x00000020   Data   RO          956    Region$$Table       anon$$obj.o


    Execution Region RW_IRAM1 (Exec base: 0x20000000, Load base: 0x080094f8, Size: 0x000008f0, Max: 0x00010000, ABSOLUTE)

    Exec Addr    Load Addr    Size         Type   Attr      Idx    E Section Name        Object

    0x20000000   0x080094f8   0x00000014   Data   RW          197    .data               system_stm32f10x.o
    0x20000014   0x0800950c   0x00000006   Data   RW          239    .data               heart.o
    0x2000001a   0x08009512   0x00000002   PAD
    0x2000001c   0x08009514   0x0000000b   Data   RW          258    .data               rc.o
    0x20000027   0x0800951f   0x00000001   PAD
    0x20000028   0x08009520   0x00000026   Data   RW          308    .data               struct_all.o
    0x2000004e   0x08009546   0x00000002   PAD
    0x20000050   0x08009548   0x00000035   Data   RW          328    .data               inv_mpu.o
    0x20000085   0x0800957d   0x00000001   PAD
    0x20000086   0x0800957e   0x00000004   Data   RW          405    .data               hcsr04.o
    0x2000008a   0x08009582   0x00000004   Data   RW          423    .data               delay.o
    0x2000008e   0x08009586   0x00000002   PAD
    0x20000090   0x08009588   0x00000008   Data   RW          455    .data               usart.o
    0x20000098   0x08009590   0x00000014   Data   RW          518    .data               stm32f10x_rcc.o
    0x200000ac        -       0x00000010   Zero   RW          257    .bss                rc.o
    0x200000bc        -       0x000000fc   Zero   RW          307    .bss                struct_all.o
    0x200001b8        -       0x00000010   Zero   RW          356    .bss                inv_mpu_dmp_motion_driver.o
    0x200001c8        -       0x000000c8   Zero   RW          454    .bss                usart.o
    0x20000290        -       0x00000060   Zero   RW          810    .bss                c_w.l(libspace.o)
    0x200002f0        -       0x00000200   Zero   RW          487    HEAP                startup_stm32f10x_hd.o
    0x200004f0        -       0x00000400   Zero   RW          486    STACK               startup_stm32f10x_hd.o


==============================================================================

Image component sizes


      Code (inc. data)   RO Data    RW Data    ZI Data      Debug   Object Name

        56          6          0          0          0        480   beep.o
       308          8          0          0          0       1265   bsp_motor_tim4.o
       712         64          0          0          0       1881   control.o
       212         18          0          4          0       1023   delay.o
       624         42          0          4          0       1565   hcsr04.o
       200         24          0          6          0       1082   heart.o
      1568         54          0          0          0       6675   iic_mpu6050.o
      8888        210        157         53          0      23921   inv_mpu.o
      3440        126       3062          0         16      15415   inv_mpu_dmp_motion_driver.o
        76          8          0          0          0        483   led.o
       220         40          0          0          0     254672   main.o
       220         22          0          0          0       1785   misc.o
      1424         36          0          0          0       4599   protocol.o
       544         38          0         11         16       2265   rc.o
        64         26        304          0       1536        792   startup_stm32f10x_hd.o
       860         38          0          0          0       5717   stm32f10x_gpio.o
        26          0          0          0          0       1170   stm32f10x_it.o
       932         36          0         20          0       8884   stm32f10x_rcc.o
      3610         88          0          0          0      22824   stm32f10x_tim.o
      1032         22          0          0          0       8440   stm32f10x_usart.o
        56         12          0         38        252       2153   struct_all.o
         0          0          0          0          0         32   sys.o
       480         38          0         20          0       1715   system_stm32f10x.o
       320         18          0          8        200       3102   usart.o

    ----------------------------------------------------------------------
     25874        974       3558        172       2020     371940   Object Totals
         0          0         32          0          0          0   (incl. Generated)
         2          0          3          8          0          0   (incl. Padding)

    ----------------------------------------------------------------------

      Code (inc. data)   RO Data    RW Data    ZI Data      Debug   Library Member Name

         8          0          0          0          0         68   __main.o
       312          4         17          0          0         92   __printf_flags_wp.o
        14          0          0          0          0         68   __printf_wp.o
         0          0          0          0          0          0   __rtentry.o
        12          0          0          0          0          0   __rtentry2.o
         6          0          0          0          0          0   __rtentry4.o
        52          8          0          0          0          0   __scatter.o
        26          0          0          0          0          0   __scatter_copy.o
        28          0          0          0          0          0   __scatter_zi.o
        48          6          0          0          0         96   _printf_char_common.o
        36          4          0          0          0         80   _printf_char_file.o
         6          0          0          0          0          0   _printf_d.o
       120         16          0          0          0         92   _printf_dec.o
        88          4         40          0          0         88   _printf_hex_int.o
       178          0          0          0          0         88   _printf_intcommon.o
        78          0          0          0          0        108   _printf_pad.o
         0          0          0          0          0          0   _printf_percent.o
         4          0          0          0          0          0   _printf_percent_end.o
         6          0          0          0          0          0   _printf_x.o
        22          0          0          0          0        100   _rserrno.o
        16          0          0          0          0         68   aeabi_memset.o
        18          0          0          0          0         80   exit.o
         8          0          0          0          0         68   ferror.o
         6          0          0          0          0        152   heapauxi.o
         2          0          0          0          0          0   libinit.o
         2          0          0          0          0          0   libinit2.o
         2          0          0          0          0          0   libshutdown.o
         2          0          0          0          0          0   libshutdown2.o
         8          4          0          0         96         68   libspace.o
        72          0          0          0          0         76   llsdiv.o
       238          0          0          0          0        100   lludivv7m.o
        88          0          0          0          0         76   memcmp.o
        24          4          0          0          0         84   noretval__2printf.o
         8          4          0          0          0         68   rt_errno_addr_intlibspace.o
        68          0          0          0          0         68   rt_memclr.o
        78          0          0          0          0         80   rt_memclr_w.o
         2          0          0          0          0          0   rtexit.o
        10          0          0          0          0          0   rtexit2.o
        74          0          0          0          0         80   sys_stackheap_outer.o
         2          0          0          0          0         68   use_no_semi.o
         2          0          0          0          0         68   use_no_semi_2.o
        98          4          0          0          0         92   d2f.o
       826         16          0          0          0        348   daddsub_clz.o
        16          4          0          0          0         68   dcheck1.o
       688        140          0          0          0        208   ddiv.o
        46          0          0          0          0         68   dflt_clz.o
       340         12          0          0          0        104   dmul.o
       156          4          0          0          0         92   dnaninf.o
        12          0          0          0          0         68   dretinf.o
       460         56          0          0          0        120   dsqrt_noumaal.o
        86          4          0          0          0         84   f2d.o
       430          8          0          0          0        168   faddsub_clz.o
        24          0          0          0          0         68   fcmpi.o
       388         76          0          0          0         96   fdiv.o
       104          4          0          0          0         84   feqf.o
        54          4          0          0          0         84   ffix.o
        62          4          0          0          0         84   ffixu.o
        86          0          0          0          0        136   fflt_clz.o
       104          4          0          0          0         84   fleqf.o
       258          4          0          0          0         84   fmul.o
       140          4          0          0          0         84   fnaninf.o
        10          0          0          0          0         68   fretinf.o
        98          0          0          0          0         68   frleqf.o
       100          0          0          0          0         68   retnan.o
        92          0          0          0          0         68   scalbn.o
        48          0          0          0          0         68   trapv.o
         0          0          0          0          0          0   usenofp.o
       624         52         80          0          0        168   asin.o
       544         70        152          0          0        124   atan.o
       384         38          0          0          0        144   atan2.o
        38          6          0          0          0        272   dunder.o
        40          0          0          0          0         68   fpclassify.o
       170          0          0          0          0         96   poly.o
         0          0          8          0          0          0   qnan.o
        76          0          0          0          0         84   sqrt.o

    ----------------------------------------------------------------------
      8402        568        302          0         96       5604   Library Totals
        26          0          5          0          0          0   (incl. Padding)

    ----------------------------------------------------------------------

      Code (inc. data)   RO Data    RW Data    ZI Data      Debug   Library Name

      1774         54         57          0         96       2084   c_w.l
      4726        348          0          0          0       2564   fz_ws.l
      1876        166        240          0          0        956   m_ws.l

    ----------------------------------------------------------------------
      8402        568        302          0         96       5604   Library Totals

    ----------------------------------------------------------------------

==============================================================================


      Code (inc. data)   RO Data    RW Data    ZI Data      Debug   

     34276       1542       3860        172       2116     372704   Grand Totals
     34276       1542       3860        172       2116     372704   ELF Image Totals
     34276       1542       3860        172          0          0   ROM Totals

==============================================================================

    Total RO  Size (Code + RO Data)                38136 (  37.24kB)
    Total RW  Size (RW Data + ZI Data)              2288 (   2.23kB)
    Total ROM Size (Code + RO Data + RW Data)      38308 (  37.41kB)

==============================================================================

